Archive member included to satisfy reference by file (symbol)

C:\Users\Ivan-Pc\Documents\MCUXpressoIDE_11.2.0_4120\Drivers\CMSISv2p00_LPC17xx\Debug\libCMSISv2p00_LPC17xx.a(system_LPC17xx.o)
                              ./src/cr_startup_lpc175x_6x.o (SystemInit)
C:\Users\Ivan-Pc\Documents\MCUXpressoIDE_11.2.0_4120\Drivers\CMSISv2p00_LPC17xx\Debug\libCMSISv2p00_LPC17xx.a(lpc17xx_adc.o)
                              ./src/TP_Integrador_ED3.o (ADC_Init)
C:\Users\Ivan-Pc\Documents\MCUXpressoIDE_11.2.0_4120\Drivers\CMSISv2p00_LPC17xx\Debug\libCMSISv2p00_LPC17xx.a(lpc17xx_clkpwr.o)
                              C:\Users\Ivan-Pc\Documents\MCUXpressoIDE_11.2.0_4120\Drivers\CMSISv2p00_LPC17xx\Debug\libCMSISv2p00_LPC17xx.a(lpc17xx_adc.o) (CLKPWR_GetPCLK)
C:\Users\Ivan-Pc\Documents\MCUXpressoIDE_11.2.0_4120\Drivers\CMSISv2p00_LPC17xx\Debug\libCMSISv2p00_LPC17xx.a(lpc17xx_exti.o)
                              ./src/TP_Integrador_ED3.o (EXTI_Config)
C:\Users\Ivan-Pc\Documents\MCUXpressoIDE_11.2.0_4120\Drivers\CMSISv2p00_LPC17xx\Debug\libCMSISv2p00_LPC17xx.a(lpc17xx_gpdma.o)
                              ./src/TP_Integrador_ED3.o (GPDMA_Init)
C:\Users\Ivan-Pc\Documents\MCUXpressoIDE_11.2.0_4120\Drivers\CMSISv2p00_LPC17xx\Debug\libCMSISv2p00_LPC17xx.a(lpc17xx_gpio.o)
                              ./src/TP_Integrador_ED3.o (GPIO_SetDir)
C:\Users\Ivan-Pc\Documents\MCUXpressoIDE_11.2.0_4120\Drivers\CMSISv2p00_LPC17xx\Debug\libCMSISv2p00_LPC17xx.a(lpc17xx_libcfg_default.o)
                              C:\Users\Ivan-Pc\Documents\MCUXpressoIDE_11.2.0_4120\Drivers\CMSISv2p00_LPC17xx\Debug\libCMSISv2p00_LPC17xx.a(lpc17xx_adc.o) (check_failed)
C:\Users\Ivan-Pc\Documents\MCUXpressoIDE_11.2.0_4120\Drivers\CMSISv2p00_LPC17xx\Debug\libCMSISv2p00_LPC17xx.a(lpc17xx_pinsel.o)
                              ./src/TP_Integrador_ED3.o (PINSEL_ConfigPin)
C:\Users\Ivan-Pc\Documents\MCUXpressoIDE_11.2.0_4120\Drivers\CMSISv2p00_LPC17xx\Debug\libCMSISv2p00_LPC17xx.a(lpc17xx_timer.o)
                              ./src/TP_Integrador_ED3.o (TIM_Init)
C:\Users\Ivan-Pc\Documents\MCUXpressoIDE_11.2.0_4120\Drivers\CMSISv2p00_LPC17xx\Debug\libCMSISv2p00_LPC17xx.a(lpc17xx_uart.o)
                              ./src/TP_Integrador_ED3.o (UART_Init)
c:/nxp/mcuxpressoide_11.2.0_4120/ide/plugins/com.nxp.mcuxpresso.tools.win32_11.2.0.202001021529/tools/bin/../lib/gcc/arm-none-eabi/9.2.1/../../../../arm-none-eabi/lib/thumb/v7-m/nofp\libcr_c.a(memcpy.o)
                              ./src/TP_Integrador_ED3.o (memcpy)
c:/nxp/mcuxpressoide_11.2.0_4120/ide/plugins/com.nxp.mcuxpresso.tools.win32_11.2.0.202001021529/tools/bin/../lib/gcc/arm-none-eabi/9.2.1/../../../../arm-none-eabi/lib/thumb/v7-m/nofp\libcr_c.a(__weak__main.o)
                              ./src/cr_startup_lpc175x_6x.o (__main)
c:/nxp/mcuxpressoide_11.2.0_4120/ide/plugins/com.nxp.mcuxpresso.tools.win32_11.2.0.202001021529/tools/bin/../lib/gcc/arm-none-eabi/9.2.1/thumb/v7-m/nofp\libcr_eabihelpers.a(division_64.o)
                              C:\Users\Ivan-Pc\Documents\MCUXpressoIDE_11.2.0_4120\Drivers\CMSISv2p00_LPC17xx\Debug\libCMSISv2p00_LPC17xx.a(system_LPC17xx.o) (__aeabi_ldivmod)
c:/nxp/mcuxpressoide_11.2.0_4120/ide/plugins/com.nxp.mcuxpresso.tools.win32_11.2.0.202001021529/tools/bin/../lib/gcc/arm-none-eabi/9.2.1/thumb/v7-m/nofp\libcr_eabihelpers.a(division_idiv0.o)
                              c:/nxp/mcuxpressoide_11.2.0_4120/ide/plugins/com.nxp.mcuxpresso.tools.win32_11.2.0.202001021529/tools/bin/../lib/gcc/arm-none-eabi/9.2.1/thumb/v7-m/nofp\libcr_eabihelpers.a(division_64.o) (__aeabi_idiv0)
c:/nxp/mcuxpressoide_11.2.0_4120/ide/plugins/com.nxp.mcuxpresso.tools.win32_11.2.0.202001021529/tools/bin/../lib/gcc/arm-none-eabi/9.2.1/thumb/v7-m/nofp\libcr_eabihelpers.a(memcpy.o)
                              c:/nxp/mcuxpressoide_11.2.0_4120/ide/plugins/com.nxp.mcuxpresso.tools.win32_11.2.0.202001021529/tools/bin/../lib/gcc/arm-none-eabi/9.2.1/../../../../arm-none-eabi/lib/thumb/v7-m/nofp\libcr_c.a(memcpy.o) (__aeabi_memcpy)

Discarded input sections

 .group         0x00000000        0xc ./src/TP_Integrador_ED3.o
 .group         0x00000000        0xc ./src/TP_Integrador_ED3.o
 .group         0x00000000        0xc ./src/TP_Integrador_ED3.o
 .group         0x00000000        0xc ./src/TP_Integrador_ED3.o
 .group         0x00000000        0xc ./src/TP_Integrador_ED3.o
 .group         0x00000000        0xc ./src/TP_Integrador_ED3.o
 .group         0x00000000        0xc ./src/TP_Integrador_ED3.o
 .group         0x00000000        0xc ./src/TP_Integrador_ED3.o
 .group         0x00000000        0xc ./src/TP_Integrador_ED3.o
 .group         0x00000000        0xc ./src/TP_Integrador_ED3.o
 .group         0x00000000        0xc ./src/TP_Integrador_ED3.o
 .group         0x00000000        0xc ./src/TP_Integrador_ED3.o
 .group         0x00000000        0xc ./src/TP_Integrador_ED3.o
 .group         0x00000000        0xc ./src/TP_Integrador_ED3.o
[...]
Memory Configuration

Name             Origin             Length             Attributes
MFlash512        0x00000000         0x00080000         xr
RamLoc32         0x10000000         0x00008000         xrw
RamAHB32         0x2007c000         0x00008000         xrw
*default*        0x00000000         0xffffffff

Linker script and memory map

LOAD ./src/TP_Integrador_ED3.o
LOAD ./src/cr_startup_lpc175x_6x.o
LOAD ./src/crp.o
LOAD C:\Users\Ivan-Pc\Documents\MCUXpressoIDE_11.2.0_4120\Drivers\CMSISv2p00_LPC17xx\Debug\libCMSISv2p00_LPC17xx.a
START GROUP
LOAD c:/nxp/mcuxpressoide_11.2.0_4120/ide/plugins/com.nxp.mcuxpresso.tools.win32_11.2.0.202001021529/tools/bin/../lib/gcc/arm-none-eabi/9.2.1/../../../../arm-none-eabi/lib/thumb/v7-m/nofp\libcr_c.a
LOAD c:/nxp/mcuxpressoide_11.2.0_4120/ide/plugins/com.nxp.mcuxpresso.tools.win32_11.2.0.202001021529/tools/bin/../lib/gcc/arm-none-eabi/9.2.1/thumb/v7-m/nofp\libcr_eabihelpers.a
LOAD c:/nxp/mcuxpressoide_11.2.0_4120/ide/plugins/com.nxp.mcuxpresso.tools.win32_11.2.0.202001021529/tools/bin/../lib/gcc/arm-none-eabi/9.2.1/thumb/v7-m/nofp\libgcc.a
END GROUP
                0x00000000                __base_MFlash512 = 0x0
                0x00000000                __base_Flash = 0x0
                0x00080000                __top_MFlash512 = 0x80000
                0x00080000                __top_Flash = 0x80000
                0x10000000                __base_RamLoc32 = 0x10000000
                0x10000000                __base_RAM = 0x10000000
                0x10008000                __top_RamLoc32 = 0x10008000
                0x10008000                __top_RAM = 0x10008000
                0x2007c000                __base_RamAHB32 = 0x2007c000
                0x2007c000                __base_RAM2 = 0x2007c000
                0x20084000                __top_RamAHB32 = 0x20084000
                0x20084000                __top_RAM2 = 0x20084000

.text           0x00000000     0x1dcc
 FILL mask 0xff
                0x00000000                __vectors_start__ = ABSOLUTE (.)
 *(.isr_vector)
 .isr_vector    0x00000000       0xcc ./src/cr_startup_lpc175x_6x.o
                0x00000000                g_pfnVectors
                0x000000cc                . = ALIGN (0x4)
                0x000000cc                __section_table_start = .
                0x000000cc                __data_section_table = .
                0x000000cc        0x4 LONG 0x1dcc LOADADDR (.data)
                0x000000d0        0x4 LONG 0x10000000 ADDR (.data)
                0x000000d4        0x4 LONG 0x34 SIZEOF (.data)
                0x000000d8        0x4 LONG 0x1dcc LOADADDR (.data_RAM2)
                0x000000dc        0x4 LONG 0x2007c000 ADDR (.data_RAM2)
                0x000000e0        0x4 LONG 0x0 SIZEOF (.data_RAM2)
                0x000000e4                __data_section_table_end = .
                0x000000e4                __bss_section_table = .
                0x000000e4        0x4 LONG 0x10000034 ADDR (.bss)
                0x000000e8        0x4 LONG 0x60 SIZEOF (.bss)
                0x000000ec        0x4 LONG 0x2007c000 ADDR (.bss_RAM2)
                0x000000f0        0x4 LONG 0x0 SIZEOF (.bss_RAM2)
                0x000000f4                __bss_section_table_end = .
                0x000000f4                __section_table_end = .
 *(.after_vectors*)
 .after_vectors
                0x000000f4      0x130 ./src/cr_startup_lpc175x_6x.o
                0x000000f4                data_init
                0x00000138                bss_init
                0x00000170                ResetISR
                0x000001e8                NMI_Handler
                0x000001ee                HardFault_Handler
                0x000001f4                MemManage_Handler
                0x000001fa                BusFault_Handler
                0x00000200                UsageFault_Handler
                0x00000206                SVC_Handler
                0x0000020c                DebugMon_Handler
                0x00000212                PendSV_Handler
                0x00000218                SysTick_Handler
                0x0000021e                UART1_IRQHandler
                0x0000021e                CANActivity_IRQHandler
                0x0000021e                TIMER3_IRQHandler
                0x0000021e                UART0_IRQHandler
                0x0000021e                EINT2_IRQHandler
                0x0000021e                USBActivity_IRQHandler
                0x0000021e                IntDefaultHandler
                0x0000021e                PLL0_IRQHandler
                0x0000021e                I2C0_IRQHandler
                0x0000021e                I2C1_IRQHandler
                0x0000021e                SSP0_IRQHandler
                0x0000021e                I2S_IRQHandler
                0x0000021e                I2C2_IRQHandler
                0x0000021e                RTC_IRQHandler
                0x0000021e                TIMER0_IRQHandler
                0x0000021e                SPI_IRQHandler
                0x0000021e                RIT_IRQHandler
                0x0000021e                TIMER1_IRQHandler
                0x0000021e                UART2_IRQHandler
                0x0000021e                SSP1_IRQHandler
                0x0000021e                USB_IRQHandler
                0x0000021e                BOD_IRQHandler
                0x0000021e                PLL1_IRQHandler
                0x0000021e                WDT_IRQHandler
                0x0000021e                PWM1_IRQHandler
                0x0000021e                QEI_IRQHandler
                0x0000021e                EINT0_IRQHandler
                0x0000021e                CAN_IRQHandler
                0x0000021e                TIMER2_IRQHandler
                0x0000021e                UART3_IRQHandler
                0x0000021e                MCPWM_IRQHandler
                0x0000021e                ENET_IRQHandler
                0x000002fc                . = 0x2fc
 *fill*         0x00000224       0xd8 ff
                0x000002fc                PROVIDE (__CRP_WORD_START__ = .)
 *(.crp)
 .crp           0x000002fc        0x4 ./src/crp.o
                0x000002fc                CRP_WORD
                0x00000300                PROVIDE (__CRP_WORD_END__ = .)
                0x00000001                ASSERT (! ((__CRP_WORD_START__ == __CRP_WORD_END__)), Linker CRP Enabled, but no CRP_WORD provided within application)
 *(.text*)
 .text.NVIC_EnableIRQ
                0x00000300       0x30 ./src/TP_Integrador_ED3.o
 .text.NVIC_DisableIRQ
                0x00000330       0x34 ./src/TP_Integrador_ED3.o
 .text.main     0x00000364       0x52 ./src/TP_Integrador_ED3.o
                0x00000364                main
 .text.configpio
                0x000003b6       0xe2 ./src/TP_Integrador_ED3.o
                0x000003b6                configpio
 .text.configint
                0x00000498       0x38 ./src/TP_Integrador_ED3.o
                0x00000498                configint
 .text.configpio2
                0x000004d0       0x8c ./src/TP_Integrador_ED3.o
                0x000004d0                configpio2
 .text.confiextint
                0x0000055c       0x2e ./src/TP_Integrador_ED3.o
                0x0000055c                confiextint
 *fill*         0x0000058a        0x2 ff
 .text.confUart
                0x0000058c       0x44 ./src/TP_Integrador_ED3.o
                0x0000058c                confUart
 .text.EINT1_IRQHandler
                0x000005d0       0x2c ./src/TP_Integrador_ED3.o
                0x000005d0                EINT1_IRQHandler
 .text.EINT3_IRQHandler
                0x000005fc      0x1c0 ./src/TP_Integrador_ED3.o
                0x000005fc                EINT3_IRQHandler
 .text.retardo  0x000007bc       0x30 ./src/TP_Integrador_ED3.o
                0x000007bc                retardo
 .text.scan     0x000007ec      0x140 ./src/TP_Integrador_ED3.o
                0x000007ec                scan
 .text.transmision1
                0x0000092c       0x60 ./src/TP_Integrador_ED3.o
                0x0000092c                transmision1
 .text.transmision2
                0x0000098c       0x94 ./src/TP_Integrador_ED3.o
                0x0000098c                transmision2
 .text.configtimer
                0x00000a20       0x54 ./src/TP_Integrador_ED3.o
                0x00000a20                configtimer
 .text.configdma
                0x00000a74       0x4c ./src/TP_Integrador_ED3.o
                0x00000a74                configdma
 .text.ADC_IRQHandler
                0x00000ac0      0x110 ./src/TP_Integrador_ED3.o
                0x00000ac0                ADC_IRQHandler
 .text.DMA_IRQHandler
                0x00000bd0       0x60 ./src/TP_Integrador_ED3.o
                0x00000bd0                DMA_IRQHandler
 .text.Buffer_Verify
                0x00000c30       0x48 ./src/TP_Integrador_ED3.o
                0x00000c30                Buffer_Verify
 .text.SystemInit
                0x00000c78       0xdc C:\Users\Ivan-Pc\Documents\MCUXpressoIDE_11.2.0_4120\Drivers\CMSISv2p00_LPC17xx\Debug\libCMSISv2p00_LPC17xx.a(system_LPC17xx.o)
                0x00000c78                SystemInit
 .text.ADC_DeInit
                0x00000d54       0x30 C:\Users\Ivan-Pc\Documents\MCUXpressoIDE_11.2.0_4120\Drivers\CMSISv2p00_LPC17xx\Debug\libCMSISv2p00_LPC17xx.a(lpc17xx_adc.o)
                0x00000d54                ADC_DeInit
 .text.ADC_ChannelGetData
                0x00000d84       0x28 C:\Users\Ivan-Pc\Documents\MCUXpressoIDE_11.2.0_4120\Drivers\CMSISv2p00_LPC17xx\Debug\libCMSISv2p00_LPC17xx.a(lpc17xx_adc.o)
                0x00000d84                ADC_ChannelGetData
 .text.CLKPWR_SetPCLKDiv
                0x00000dac       0x4c C:\Users\Ivan-Pc\Documents\MCUXpressoIDE_11.2.0_4120\Drivers\CMSISv2p00_LPC17xx\Debug\libCMSISv2p00_LPC17xx.a(lpc17xx_clkpwr.o)
                0x00000dac                CLKPWR_SetPCLKDiv
 .text.CLKPWR_GetPCLKSEL
                0x00000df8       0x20 C:\Users\Ivan-Pc\Documents\MCUXpressoIDE_11.2.0_4120\Drivers\CMSISv2p00_LPC17xx\Debug\libCMSISv2p00_LPC17xx.a(lpc17xx_clkpwr.o)
                0x00000df8                CLKPWR_GetPCLKSEL
 .text.CLKPWR_GetPCLK
                0x00000e18       0x20 C:\Users\Ivan-Pc\Documents\MCUXpressoIDE_11.2.0_4120\Drivers\CMSISv2p00_LPC17xx\Debug\libCMSISv2p00_LPC17xx.a(lpc17xx_clkpwr.o)
                0x00000e18                CLKPWR_GetPCLK
 .text.CLKPWR_ConfigPPWR
                0x00000e38       0x34 C:\Users\Ivan-Pc\Documents\MCUXpressoIDE_11.2.0_4120\Drivers\CMSISv2p00_LPC17xx\Debug\libCMSISv2p00_LPC17xx.a(lpc17xx_clkpwr.o)
                0x00000e38                CLKPWR_ConfigPPWR
 .text.EXTI_SetMode
                0x00000e6c       0x30 C:\Users\Ivan-Pc\Documents\MCUXpressoIDE_11.2.0_4120\Drivers\CMSISv2p00_LPC17xx\Debug\libCMSISv2p00_LPC17xx.a(lpc17xx_exti.o)
                0x00000e6c                EXTI_SetMode
 .text.EXTI_SetPolarity
                0x00000e9c       0x30 C:\Users\Ivan-Pc\Documents\MCUXpressoIDE_11.2.0_4120\Drivers\CMSISv2p00_LPC17xx\Debug\libCMSISv2p00_LPC17xx.a(lpc17xx_exti.o)
                0x00000e9c                EXTI_SetPolarity
 .text.EXTI_Config
                0x00000ecc       0x24 C:\Users\Ivan-Pc\Documents\MCUXpressoIDE_11.2.0_4120\Drivers\CMSISv2p00_LPC17xx\Debug\libCMSISv2p00_LPC17xx.a(lpc17xx_exti.o)
                0x00000ecc                EXTI_Config
 .text.EXTI_ClearEXTIFlag
                0x00000ef0       0x18 C:\Users\Ivan-Pc\Documents\MCUXpressoIDE_11.2.0_4120\Drivers\CMSISv2p00_LPC17xx\Debug\libCMSISv2p00_LPC17xx.a(lpc17xx_exti.o)
                0x00000ef0                EXTI_ClearEXTIFlag
 .text.GPDMA_Init
                0x00000f08       0x3c C:\Users\Ivan-Pc\Documents\MCUXpressoIDE_11.2.0_4120\Drivers\CMSISv2p00_LPC17xx\Debug\libCMSISv2p00_LPC17xx.a(lpc17xx_gpdma.o)
                0x00000f08                GPDMA_Init
 .text.GPDMA_Setup
                0x00000f44      0x1d8 C:\Users\Ivan-Pc\Documents\MCUXpressoIDE_11.2.0_4120\Drivers\CMSISv2p00_LPC17xx\Debug\libCMSISv2p00_LPC17xx.a(lpc17xx_gpdma.o)
                0x00000f44                GPDMA_Setup
 .text.GPDMA_ChannelCmd
                0x0000111c       0x1c C:\Users\Ivan-Pc\Documents\MCUXpressoIDE_11.2.0_4120\Drivers\CMSISv2p00_LPC17xx\Debug\libCMSISv2p00_LPC17xx.a(lpc17xx_gpdma.o)
                0x0000111c                GPDMA_ChannelCmd
 .text.GPDMA_IntGetStatus
                0x00001138       0x64 C:\Users\Ivan-Pc\Documents\MCUXpressoIDE_11.2.0_4120\Drivers\CMSISv2p00_LPC17xx\Debug\libCMSISv2p00_LPC17xx.a(lpc17xx_gpdma.o)
                0x00001138                GPDMA_IntGetStatus
 .text.GPDMA_ClearIntPending
                0x0000119c       0x50 C:\Users\Ivan-Pc\Documents\MCUXpressoIDE_11.2.0_4120\Drivers\CMSISv2p00_LPC17xx\Debug\libCMSISv2p00_LPC17xx.a(lpc17xx_gpdma.o)
                0x0000119c                GPDMA_ClearIntPending
 .text.GPIO_SetDir
                0x000011ec       0x1e C:\Users\Ivan-Pc\Documents\MCUXpressoIDE_11.2.0_4120\Drivers\CMSISv2p00_LPC17xx\Debug\libCMSISv2p00_LPC17xx.a(lpc17xx_gpio.o)
                0x000011ec                GPIO_SetDir
 .text.GPIO_SetValue
                0x0000120a       0x12 C:\Users\Ivan-Pc\Documents\MCUXpressoIDE_11.2.0_4120\Drivers\CMSISv2p00_LPC17xx\Debug\libCMSISv2p00_LPC17xx.a(lpc17xx_gpio.o)
                0x0000120a                GPIO_SetValue
 .text.GPIO_ClearValue
                0x0000121c       0x12 C:\Users\Ivan-Pc\Documents\MCUXpressoIDE_11.2.0_4120\Drivers\CMSISv2p00_LPC17xx\Debug\libCMSISv2p00_LPC17xx.a(lpc17xx_gpio.o)
                0x0000121c                GPIO_ClearValue
 *fill*         0x0000122e        0x2 ff
 .text.GPIO_IntCmd
                0x00001230       0x30 C:\Users\Ivan-Pc\Documents\MCUXpressoIDE_11.2.0_4120\Drivers\CMSISv2p00_LPC17xx\Debug\libCMSISv2p00_LPC17xx.a(lpc17xx_gpio.o)
                0x00001230                GPIO_IntCmd
 .text.GPIO_GetIntStatus
                0x00001260       0x38 C:\Users\Ivan-Pc\Documents\MCUXpressoIDE_11.2.0_4120\Drivers\CMSISv2p00_LPC17xx\Debug\libCMSISv2p00_LPC17xx.a(lpc17xx_gpio.o)
                0x00001260                GPIO_GetIntStatus
 .text.GPIO_ClearInt
                0x00001298       0x18 C:\Users\Ivan-Pc\Documents\MCUXpressoIDE_11.2.0_4120\Drivers\CMSISv2p00_LPC17xx\Debug\libCMSISv2p00_LPC17xx.a(lpc17xx_gpio.o)
                0x00001298                GPIO_ClearInt
 .text.FIO_ByteReadValue
                0x000012b0       0x1e C:\Users\Ivan-Pc\Documents\MCUXpressoIDE_11.2.0_4120\Drivers\CMSISv2p00_LPC17xx\Debug\libCMSISv2p00_LPC17xx.a(lpc17xx_gpio.o)
                0x000012b0                FIO_ByteReadValue
 .text.check_failed
                0x000012ce        0x2 C:\Users\Ivan-Pc\Documents\MCUXpressoIDE_11.2.0_4120\Drivers\CMSISv2p00_LPC17xx\Debug\libCMSISv2p00_LPC17xx.a(lpc17xx_libcfg_default.o)
                0x000012ce                check_failed
 .text.PINSEL_ConfigPin
                0x000012d0       0x7c C:\Users\Ivan-Pc\Documents\MCUXpressoIDE_11.2.0_4120\Drivers\CMSISv2p00_LPC17xx\Debug\libCMSISv2p00_LPC17xx.a(lpc17xx_pinsel.o)
                0x000012d0                PINSEL_ConfigPin
 .text.TIM_Init
                0x0000134c      0x15c C:\Users\Ivan-Pc\Documents\MCUXpressoIDE_11.2.0_4120\Drivers\CMSISv2p00_LPC17xx\Debug\libCMSISv2p00_LPC17xx.a(lpc17xx_timer.o)
                0x0000134c                TIM_Init
 .text.TIM_Cmd  0x000014a8       0x48 C:\Users\Ivan-Pc\Documents\MCUXpressoIDE_11.2.0_4120\Drivers\CMSISv2p00_LPC17xx\Debug\libCMSISv2p00_LPC17xx.a(lpc17xx_timer.o)
                0x000014a8                TIM_Cmd
 .text.TIM_ConfigMatch
                0x000014f0       0xcc C:\Users\Ivan-Pc\Documents\MCUXpressoIDE_11.2.0_4120\Drivers\CMSISv2p00_LPC17xx\Debug\libCMSISv2p00_LPC17xx.a(lpc17xx_timer.o)
                0x000014f0                TIM_ConfigMatch
 .text.UART_Init
                0x000015bc      0x28c C:\Users\Ivan-Pc\Documents\MCUXpressoIDE_11.2.0_4120\Drivers\CMSISv2p00_LPC17xx\Debug\libCMSISv2p00_LPC17xx.a(lpc17xx_uart.o)
                0x000015bc                UART_Init
 .text.UART_ConfigStructInit
                0x00001848       0x12 C:\Users\Ivan-Pc\Documents\MCUXpressoIDE_11.2.0_4120\Drivers\CMSISv2p00_LPC17xx\Debug\libCMSISv2p00_LPC17xx.a(lpc17xx_uart.o)
                0x00001848                UART_ConfigStructInit
 *fill*         0x0000185a        0x2 ff
 .text.UART_SendByte
                0x0000185c       0x3c C:\Users\Ivan-Pc\Documents\MCUXpressoIDE_11.2.0_4120\Drivers\CMSISv2p00_LPC17xx\Debug\libCMSISv2p00_LPC17xx.a(lpc17xx_uart.o)
                0x0000185c                UART_SendByte
 .text.UART_Send.part.0
                0x00001898       0x4c C:\Users\Ivan-Pc\Documents\MCUXpressoIDE_11.2.0_4120\Drivers\CMSISv2p00_LPC17xx\Debug\libCMSISv2p00_LPC17xx.a(lpc17xx_uart.o)
 .text.UART_Send
                0x000018e4       0x4a C:\Users\Ivan-Pc\Documents\MCUXpressoIDE_11.2.0_4120\Drivers\CMSISv2p00_LPC17xx\Debug\libCMSISv2p00_LPC17xx.a(lpc17xx_uart.o)
                0x000018e4                UART_Send
 *fill*         0x0000192e        0x2 ff
 .text.UART_FIFOConfig
                0x00001930       0xa8 C:\Users\Ivan-Pc\Documents\MCUXpressoIDE_11.2.0_4120\Drivers\CMSISv2p00_LPC17xx\Debug\libCMSISv2p00_LPC17xx.a(lpc17xx_uart.o)
                0x00001930                UART_FIFOConfig
 .text.UART_FIFOConfigStructInit
                0x000019d8        0xe C:\Users\Ivan-Pc\Documents\MCUXpressoIDE_11.2.0_4120\Drivers\CMSISv2p00_LPC17xx\Debug\libCMSISv2p00_LPC17xx.a(lpc17xx_uart.o)
                0x000019d8                UART_FIFOConfigStructInit
 *fill*         0x000019e6        0x2 ff
 .text.UART_TxCmd
                0x000019e8       0x60 C:\Users\Ivan-Pc\Documents\MCUXpressoIDE_11.2.0_4120\Drivers\CMSISv2p00_LPC17xx\Debug\libCMSISv2p00_LPC17xx.a(lpc17xx_uart.o)
                0x000019e8                UART_TxCmd
 .text.memcpy   0x00001a48        0x4 c:/nxp/mcuxpressoide_11.2.0_4120/ide/plugins/com.nxp.mcuxpresso.tools.win32_11.2.0.202001021529/tools/bin/../lib/gcc/arm-none-eabi/9.2.1/../../../../arm-none-eabi/lib/thumb/v7-m/nofp\libcr_c.a(memcpy.o)
                0x00001a48                memcpy
 .text.__weak_main
                0x00001a4c        0x4 c:/nxp/mcuxpressoide_11.2.0_4120/ide/plugins/com.nxp.mcuxpresso.tools.win32_11.2.0.202001021529/tools/bin/../lib/gcc/arm-none-eabi/9.2.1/../../../../arm-none-eabi/lib/thumb/v7-m/nofp\libcr_c.a(__weak__main.o)
                0x00001a4c                __weak_main
                0x00001a4c                __main
 .text.__aeabi_division_uldivmod
                0x00001a50      0x174 c:/nxp/mcuxpressoide_11.2.0_4120/ide/plugins/com.nxp.mcuxpresso.tools.win32_11.2.0.202001021529/tools/bin/../lib/gcc/arm-none-eabi/9.2.1/thumb/v7-m/nofp\libcr_eabihelpers.a(division_64.o)
                0x00001a50                __aeabi_uldivmod
                0x00001a54                __bhs_ldivmod1
 .text.__aeabi_division_idiv0
                0x00001bc4        0x2 c:/nxp/mcuxpressoide_11.2.0_4120/ide/plugins/com.nxp.mcuxpresso.tools.win32_11.2.0.202001021529/tools/bin/../lib/gcc/arm-none-eabi/9.2.1/thumb/v7-m/nofp\libcr_eabihelpers.a(division_idiv0.o)
                0x00001bc4                __aeabi_idiv0
 .text.__aeabi_memcpy
                0x00001bc6       0x34 c:/nxp/mcuxpressoide_11.2.0_4120/ide/plugins/com.nxp.mcuxpresso.tools.win32_11.2.0.202001021529/tools/bin/../lib/gcc/arm-none-eabi/9.2.1/thumb/v7-m/nofp\libcr_eabihelpers.a(memcpy.o)
                0x00001bc6                __aeabi_memcpy
                0x00001bd0                __aeabi_memcpy8
                0x00001bd0                __aeabi_memcpy4
 *(.rodata .rodata.* .constdata .constdata.*)
 *fill*         0x00001bfa        0x2 ff
 .rodata.transmision1.str1.4
                0x00001bfc       0x8a ./src/TP_Integrador_ED3.o
 *fill*         0x00001c86        0x2 ff
 .rodata.transmision2.str1.4
                0x00001c88       0x69 ./src/TP_Integrador_ED3.o
 .rodata.ADC_Init.str1.1
                0x00001cf1        0xf C:\Users\Ivan-Pc\Documents\MCUXpressoIDE_11.2.0_4120\Drivers\CMSISv2p00_LPC17xx\Debug\libCMSISv2p00_LPC17xx.a(lpc17xx_adc.o)
 .rodata.CSWTCH.5
                0x00001d00        0x4 C:\Users\Ivan-Pc\Documents\MCUXpressoIDE_11.2.0_4120\Drivers\CMSISv2p00_LPC17xx\Debug\libCMSISv2p00_LPC17xx.a(lpc17xx_clkpwr.o)
 .rodata.GPDMA_IntGetStatus.str1.1
                0x00001d04       0x11 C:\Users\Ivan-Pc\Documents\MCUXpressoIDE_11.2.0_4120\Drivers\CMSISv2p00_LPC17xx\Debug\libCMSISv2p00_LPC17xx.a(lpc17xx_gpdma.o)
 *fill*         0x00001d15        0x3 ff
 .rodata.GPDMA_LUTPerAddr
                0x00001d18       0x60 C:\Users\Ivan-Pc\Documents\MCUXpressoIDE_11.2.0_4120\Drivers\CMSISv2p00_LPC17xx\Debug\libCMSISv2p00_LPC17xx.a(lpc17xx_gpdma.o)
                0x00001d18                GPDMA_LUTPerAddr
 .rodata.GPDMA_LUTPerBurst
                0x00001d78       0x18 C:\Users\Ivan-Pc\Documents\MCUXpressoIDE_11.2.0_4120\Drivers\CMSISv2p00_LPC17xx\Debug\libCMSISv2p00_LPC17xx.a(lpc17xx_gpdma.o)
                0x00001d78                GPDMA_LUTPerBurst
 .rodata.GPDMA_LUTPerWid
                0x00001d90       0x18 C:\Users\Ivan-Pc\Documents\MCUXpressoIDE_11.2.0_4120\Drivers\CMSISv2p00_LPC17xx\Debug\libCMSISv2p00_LPC17xx.a(lpc17xx_gpdma.o)
                0x00001d90                GPDMA_LUTPerWid
 .rodata.TIM_GetIntStatus.str1.1
                0x00001da8       0x11 C:\Users\Ivan-Pc\Documents\MCUXpressoIDE_11.2.0_4120\Drivers\CMSISv2p00_LPC17xx\Debug\libCMSISv2p00_LPC17xx.a(lpc17xx_timer.o)
 .rodata.UART_Init.str1.1
                0x00001db9       0x10 C:\Users\Ivan-Pc\Documents\MCUXpressoIDE_11.2.0_4120\Drivers\CMSISv2p00_LPC17xx\Debug\libCMSISv2p00_LPC17xx.a(lpc17xx_uart.o)
                0x00001dcc                . = ALIGN (0x4)
 *fill*         0x00001dc9        0x3 ff

.glue_7         0x00001dcc        0x0
 .glue_7        0x00001dcc        0x0 linker stubs

.glue_7t        0x00001dcc        0x0
 .glue_7t       0x00001dcc        0x0 linker stubs

.vfp11_veneer   0x00001dcc        0x0
 .vfp11_veneer  0x00001dcc        0x0 linker stubs

.v4_bx          0x00001dcc        0x0
 .v4_bx         0x00001dcc        0x0 linker stubs

.iplt           0x00001dcc        0x0
 .iplt          0x00001dcc        0x0 ./src/TP_Integrador_ED3.o

.rel.dyn        0x00001dcc        0x0
 .rel.iplt      0x00001dcc        0x0 ./src/TP_Integrador_ED3.o

.ARM.extab
 *(.ARM.extab* .gnu.linkonce.armextab.*)

.ARM.exidx      0x00001dcc        0x0
                0x00001dcc                __exidx_start = .
 *(.ARM.exidx* .gnu.linkonce.armexidx.*)
                0x00001dcc                __exidx_end = .
                0x00001dcc                _etext = .

.data_RAM2      0x2007c000        0x0 load address 0x00001dcc
 FILL mask 0xff
                [!provide]                PROVIDE (__start_data_RAM2 = .)
                [!provide]                PROVIDE (__start_data_RamAHB32 = .)
 *(.ramfunc.$RAM2)
 *(.ramfunc.$RamAHB32)
 *(.data.$RAM2)
 *(.data.$RamAHB32)
 *(.data.$RAM2.*)
 *(.data.$RamAHB32.*)
                0x2007c000                . = ALIGN (0x4)
                [!provide]                PROVIDE (__end_data_RAM2 = .)
                [!provide]                PROVIDE (__end_data_RamAHB32 = .)

.uninit_RESERVED
                0x10000000        0x0
                0x10000000                _start_uninit_RESERVED = .
 *(.bss.$RESERVED*)
                0x10000000                . = ALIGN (0x4)
                0x10000000                _end_uninit_RESERVED = .

.data           0x10000000       0x34 load address 0x00001dcc
 FILL mask 0xff
                0x10000000                _data = .
                [!provide]                PROVIDE (__start_data_RAM = .)
                [!provide]                PROVIDE (__start_data_RamLoc32 = .)
 *(vtable)
 *(.ramfunc*)
 *(CodeQuickAccess)
 *(DataQuickAccess)
 *(RamFunction)
 *(.data*)
 .data.codigo   0x10000000       0x10 ./src/TP_Integrador_ED3.o
                0x10000000                codigo
 .data.SystemCoreClock
                0x10000010        0x4 C:\Users\Ivan-Pc\Documents\MCUXpressoIDE_11.2.0_4120\Drivers\CMSISv2p00_LPC17xx\Debug\libCMSISv2p00_LPC17xx.a(system_LPC17xx.o)
                0x10000010                SystemCoreClock
 .data.pGPDMACh
                0x10000014       0x20 C:\Users\Ivan-Pc\Documents\MCUXpressoIDE_11.2.0_4120\Drivers\CMSISv2p00_LPC17xx\Debug\libCMSISv2p00_LPC17xx.a(lpc17xx_gpdma.o)
                0x10000014                pGPDMACh
                0x10000034                . = ALIGN (0x4)
                0x10000034                _edata = .
                [!provide]                PROVIDE (__end_data_RAM = .)
                [!provide]                PROVIDE (__end_data_RamLoc32 = .)

.igot.plt       0x10000034        0x0 load address 0x00001e00
 .igot.plt      0x10000034        0x0 ./src/TP_Integrador_ED3.o

.bss_RAM2       0x2007c000        0x0
                [!provide]                PROVIDE (__start_bss_RAM2 = .)
                [!provide]                PROVIDE (__start_bss_RamAHB32 = .)
 *(.bss.$RAM2)
 *(.bss.$RamAHB32)
 *(.bss.$RAM2.*)
 *(.bss.$RamAHB32.*)
                0x2007c000                . = ALIGN ((. != 0x0)?0x4:0x1)
                [!provide]                PROVIDE (__end_bss_RAM2 = .)
                [!provide]                PROVIDE (__end_bss_RamAHB32 = .)

.bss            0x10000034       0x60
                0x10000034                _bss = .
                [!provide]                PROVIDE (__start_bss_RAM = .)
                [!provide]                PROVIDE (__start_bss_RamLoc32 = .)
 *(.bss*)
 .bss.Channel0_TC
                0x10000034        0x4 ./src/TP_Integrador_ED3.o
                0x10000034                Channel0_TC
 .bss.Channel0_Err
                0x10000038        0x4 ./src/TP_Integrador_ED3.o
                0x10000038                Channel0_Err
 .bss.j         0x1000003c        0x1 ./src/TP_Integrador_ED3.o
                0x1000003c                j
 *fill*         0x1000003d        0x3 
 .bss.datos     0x10000040       0x28 ./src/TP_Integrador_ED3.o
                0x10000040                datos
 .bss.DMADest_Buffer
                0x10000068       0x28 ./src/TP_Integrador_ED3.o
                0x10000068                DMADest_Buffer
 .bss.auxiliar  0x10000090        0x1 ./src/TP_Integrador_ED3.o
                0x10000090                auxiliar
 *fill*         0x10000091        0x1 
 .bss.ADC0Value.5644
                0x10000092        0x2 ./src/TP_Integrador_ED3.o
 *(COMMON)
                0x10000094                . = ALIGN (0x4)
                0x10000094                _ebss = .
                [!provide]                PROVIDE (__end_bss_RAM = .)
                [!provide]                PROVIDE (__end_bss_RamLoc32 = .)
                [!provide]                PROVIDE (end = .)

.noinit_RAM2    0x2007c000        0x0
                [!provide]                PROVIDE (__start_noinit_RAM2 = .)
                [!provide]                PROVIDE (__start_noinit_RamAHB32 = .)
 *(.noinit.$RAM2)
 *(.noinit.$RamAHB32)
 *(.noinit.$RAM2.*)
 *(.noinit.$RamAHB32.*)
                0x2007c000                . = ALIGN (0x4)
                [!provide]                PROVIDE (__end_noinit_RAM2 = .)
                [!provide]                PROVIDE (__end_noinit_RamAHB32 = .)

.noinit         0x10000094        0x0
                0x10000094                _noinit = .
                [!provide]                PROVIDE (__start_noinit_RAM = .)
                [!provide]                PROVIDE (__start_noinit_RamLoc32 = .)
 *(.noinit*)
                0x10000094                . = ALIGN (0x4)
                0x10000094                _end_noinit = .
                [!provide]                PROVIDE (__end_noinit_RAM = .)
                [!provide]                PROVIDE (__end_noinit_RamLoc32 = .)
                [!provide]                PROVIDE (_pvHeapStart = DEFINED (__user_heap_base)?__user_heap_base:.)
                0x10008000                PROVIDE (_vStackTop = DEFINED (__user_stack_top)?__user_stack_top:(__top_RamLoc32 - 0x0))
                0xefff74c6                PROVIDE (__valid_user_code_checksum = (0x0 - ((((((_vStackTop + (ResetISR + 0x1)) + (NMI_Handler + 0x1)) + (HardFault_Handler + 0x1)) + (DEFINED (MemManage_Handler)?MemManage_Handler:0x0 + 0x1)) + (DEFINED (BusFault_Handler)?BusFault_Handler:0x0 + 0x1)) + (DEFINED (UsageFault_Handler)?UsageFault_Handler:0x0 + 0x1))))
                0x00000000                _image_start = LOADADDR (.text)
                0x00001e00                _image_end = (LOADADDR (.data) + SIZEOF (.data))
                0x00001e00                _image_size = (_image_end - _image_start)
OUTPUT(TP_Integrador_ED3.axf elf32-littlearm)

.debug_info     0x00000000     0x819e
 .debug_info    0x00000000     0x115f ./src/TP_Integrador_ED3.o
 .debug_info    0x0000115f      0x272 ./src/cr_startup_lpc175x_6x.o
 .debug_info    0x000013d1       0x40 ./src/crp.o
 .debug_info    0x00001411      0x37d C:\Users\Ivan-Pc\Documents\MCUXpressoIDE_11.2.0_4120\Drivers\CMSISv2p00_LPC17xx\Debug\libCMSISv2p00_LPC17xx.a(system_LPC17xx.o)
 .debug_info    0x0000178e      0x952 C:\Users\Ivan-Pc\Documents\MCUXpressoIDE_11.2.0_4120\Drivers\CMSISv2p00_LPC17xx\Debug\libCMSISv2p00_LPC17xx.a(lpc17xx_adc.o)
 .debug_info    0x000020e0      0x720 C:\Users\Ivan-Pc\Documents\MCUXpressoIDE_11.2.0_4120\Drivers\CMSISv2p00_LPC17xx\Debug\libCMSISv2p00_LPC17xx.a(lpc17xx_clkpwr.o)
 .debug_info    0x00002800      0x5a3 C:\Users\Ivan-Pc\Documents\MCUXpressoIDE_11.2.0_4120\Drivers\CMSISv2p00_LPC17xx\Debug\libCMSISv2p00_LPC17xx.a(lpc17xx_exti.o)
 .debug_info    0x00002da3     0x118d C:\Users\Ivan-Pc\Documents\MCUXpressoIDE_11.2.0_4120\Drivers\CMSISv2p00_LPC17xx\Debug\libCMSISv2p00_LPC17xx.a(lpc17xx_gpdma.o)
 .debug_info    0x00003f30      0xfd3 C:\Users\Ivan-Pc\Documents\MCUXpressoIDE_11.2.0_4120\Drivers\CMSISv2p00_LPC17xx\Debug\libCMSISv2p00_LPC17xx.a(lpc17xx_gpio.o)
 .debug_info    0x00004f03      0x10c C:\Users\Ivan-Pc\Documents\MCUXpressoIDE_11.2.0_4120\Drivers\CMSISv2p00_LPC17xx\Debug\libCMSISv2p00_LPC17xx.a(lpc17xx_libcfg_default.o)
 .debug_info    0x0000500f      0x5a6 C:\Users\Ivan-Pc\Documents\MCUXpressoIDE_11.2.0_4120\Drivers\CMSISv2p00_LPC17xx\Debug\libCMSISv2p00_LPC17xx.a(lpc17xx_pinsel.o)
 .debug_info    0x000055b5      0xca0 C:\Users\Ivan-Pc\Documents\MCUXpressoIDE_11.2.0_4120\Drivers\CMSISv2p00_LPC17xx\Debug\libCMSISv2p00_LPC17xx.a(lpc17xx_timer.o)
 .debug_info    0x00006255     0x1f49 C:\Users\Ivan-Pc\Documents\MCUXpressoIDE_11.2.0_4120\Drivers\CMSISv2p00_LPC17xx\Debug\libCMSISv2p00_LPC17xx.a(lpc17xx_uart.o)

.debug_abbrev   0x00000000     0x1b3c
 .debug_abbrev  0x00000000      0x358 ./src/TP_Integrador_ED3.o
 .debug_abbrev  0x00000358      0x117 ./src/cr_startup_lpc175x_6x.o
 .debug_abbrev  0x0000046f       0x38 ./src/crp.o
 .debug_abbrev  0x000004a7      0x11c C:\Users\Ivan-Pc\Documents\MCUXpressoIDE_11.2.0_4120\Drivers\CMSISv2p00_LPC17xx\Debug\libCMSISv2p00_LPC17xx.a(system_LPC17xx.o)
 .debug_abbrev  0x000005c3      0x1f6 C:\Users\Ivan-Pc\Documents\MCUXpressoIDE_11.2.0_4120\Drivers\CMSISv2p00_LPC17xx\Debug\libCMSISv2p00_LPC17xx.a(lpc17xx_adc.o)
 .debug_abbrev  0x000007b9      0x219 C:\Users\Ivan-Pc\Documents\MCUXpressoIDE_11.2.0_4120\Drivers\CMSISv2p00_LPC17xx\Debug\libCMSISv2p00_LPC17xx.a(lpc17xx_clkpwr.o)
 .debug_abbrev  0x000009d2      0x1f7 C:\Users\Ivan-Pc\Documents\MCUXpressoIDE_11.2.0_4120\Drivers\CMSISv2p00_LPC17xx\Debug\libCMSISv2p00_LPC17xx.a(lpc17xx_exti.o)
 .debug_abbrev  0x00000bc9      0x2b9 C:\Users\Ivan-Pc\Documents\MCUXpressoIDE_11.2.0_4120\Drivers\CMSISv2p00_LPC17xx\Debug\libCMSISv2p00_LPC17xx.a(lpc17xx_gpdma.o)
 .debug_abbrev  0x00000e82      0x328 C:\Users\Ivan-Pc\Documents\MCUXpressoIDE_11.2.0_4120\Drivers\CMSISv2p00_LPC17xx\Debug\libCMSISv2p00_LPC17xx.a(lpc17xx_gpio.o)
 .debug_abbrev  0x000011aa       0xb0 C:\Users\Ivan-Pc\Documents\MCUXpressoIDE_11.2.0_4120\Drivers\CMSISv2p00_LPC17xx\Debug\libCMSISv2p00_LPC17xx.a(lpc17xx_libcfg_default.o)
 .debug_abbrev  0x0000125a      0x1eb C:\Users\Ivan-Pc\Documents\MCUXpressoIDE_11.2.0_4120\Drivers\CMSISv2p00_LPC17xx\Debug\libCMSISv2p00_LPC17xx.a(lpc17xx_pinsel.o)
 .debug_abbrev  0x00001445      0x307 C:\Users\Ivan-Pc\Documents\MCUXpressoIDE_11.2.0_4120\Drivers\CMSISv2p00_LPC17xx\Debug\libCMSISv2p00_LPC17xx.a(lpc17xx_timer.o)
 .debug_abbrev  0x0000174c      0x3f0 C:\Users\Ivan-Pc\Documents\MCUXpressoIDE_11.2.0_4120\Drivers\CMSISv2p00_LPC17xx\Debug\libCMSISv2p00_LPC17xx.a(lpc17xx_uart.o)

.debug_aranges  0x00000000      0x588
 .debug_aranges
                0x00000000       0xb8 ./src/TP_Integrador_ED3.o
 .debug_aranges
                0x000000b8       0x80 ./src/cr_startup_lpc175x_6x.o
 .debug_aranges
                0x00000138       0x18 ./src/crp.o
 .debug_aranges
                0x00000150       0x28 C:\Users\Ivan-Pc\Documents\MCUXpressoIDE_11.2.0_4120\Drivers\CMSISv2p00_LPC17xx\Debug\libCMSISv2p00_LPC17xx.a(system_LPC17xx.o)
 .debug_aranges
                0x00000178       0x80 C:\Users\Ivan-Pc\Documents\MCUXpressoIDE_11.2.0_4120\Drivers\CMSISv2p00_LPC17xx\Debug\libCMSISv2p00_LPC17xx.a(lpc17xx_adc.o)
 .debug_aranges
                0x000001f8       0x58 C:\Users\Ivan-Pc\Documents\MCUXpressoIDE_11.2.0_4120\Drivers\CMSISv2p00_LPC17xx\Debug\libCMSISv2p00_LPC17xx.a(lpc17xx_clkpwr.o)
 .debug_aranges
                0x00000250       0x48 C:\Users\Ivan-Pc\Documents\MCUXpressoIDE_11.2.0_4120\Drivers\CMSISv2p00_LPC17xx\Debug\libCMSISv2p00_LPC17xx.a(lpc17xx_exti.o)
 .debug_aranges
                0x00000298       0x40 C:\Users\Ivan-Pc\Documents\MCUXpressoIDE_11.2.0_4120\Drivers\CMSISv2p00_LPC17xx\Debug\libCMSISv2p00_LPC17xx.a(lpc17xx_gpdma.o)
 .debug_aranges
                0x000002d8       0xe0 C:\Users\Ivan-Pc\Documents\MCUXpressoIDE_11.2.0_4120\Drivers\CMSISv2p00_LPC17xx\Debug\libCMSISv2p00_LPC17xx.a(lpc17xx_gpio.o)
 .debug_aranges
                0x000003b8       0x20 C:\Users\Ivan-Pc\Documents\MCUXpressoIDE_11.2.0_4120\Drivers\CMSISv2p00_LPC17xx\Debug\libCMSISv2p00_LPC17xx.a(lpc17xx_libcfg_default.o)
 .debug_aranges
                0x000003d8       0x30 C:\Users\Ivan-Pc\Documents\MCUXpressoIDE_11.2.0_4120\Drivers\CMSISv2p00_LPC17xx\Debug\libCMSISv2p00_LPC17xx.a(lpc17xx_pinsel.o)
 .debug_aranges
                0x00000408       0x80 C:\Users\Ivan-Pc\Documents\MCUXpressoIDE_11.2.0_4120\Drivers\CMSISv2p00_LPC17xx\Debug\libCMSISv2p00_LPC17xx.a(lpc17xx_timer.o)
 .debug_aranges
                0x00000488      0x100 C:\Users\Ivan-Pc\Documents\MCUXpressoIDE_11.2.0_4120\Drivers\CMSISv2p00_LPC17xx\Debug\libCMSISv2p00_LPC17xx.a(lpc17xx_uart.o)

.debug_ranges   0x00000000      0x600
 .debug_ranges  0x00000000       0xa8 ./src/TP_Integrador_ED3.o
 .debug_ranges  0x000000a8       0x70 ./src/cr_startup_lpc175x_6x.o
 .debug_ranges  0x00000118       0x18 C:\Users\Ivan-Pc\Documents\MCUXpressoIDE_11.2.0_4120\Drivers\CMSISv2p00_LPC17xx\Debug\libCMSISv2p00_LPC17xx.a(system_LPC17xx.o)
 .debug_ranges  0x00000130       0x70 C:\Users\Ivan-Pc\Documents\MCUXpressoIDE_11.2.0_4120\Drivers\CMSISv2p00_LPC17xx\Debug\libCMSISv2p00_LPC17xx.a(lpc17xx_adc.o)
 .debug_ranges  0x000001a0       0x48 C:\Users\Ivan-Pc\Documents\MCUXpressoIDE_11.2.0_4120\Drivers\CMSISv2p00_LPC17xx\Debug\libCMSISv2p00_LPC17xx.a(lpc17xx_clkpwr.o)
 .debug_ranges  0x000001e8       0x38 C:\Users\Ivan-Pc\Documents\MCUXpressoIDE_11.2.0_4120\Drivers\CMSISv2p00_LPC17xx\Debug\libCMSISv2p00_LPC17xx.a(lpc17xx_exti.o)
 .debug_ranges  0x00000220       0x30 C:\Users\Ivan-Pc\Documents\MCUXpressoIDE_11.2.0_4120\Drivers\CMSISv2p00_LPC17xx\Debug\libCMSISv2p00_LPC17xx.a(lpc17xx_gpdma.o)
 .debug_ranges  0x00000250      0x100 C:\Users\Ivan-Pc\Documents\MCUXpressoIDE_11.2.0_4120\Drivers\CMSISv2p00_LPC17xx\Debug\libCMSISv2p00_LPC17xx.a(lpc17xx_gpio.o)
 .debug_ranges  0x00000350       0x10 C:\Users\Ivan-Pc\Documents\MCUXpressoIDE_11.2.0_4120\Drivers\CMSISv2p00_LPC17xx\Debug\libCMSISv2p00_LPC17xx.a(lpc17xx_libcfg_default.o)
 .debug_ranges  0x00000360       0x60 C:\Users\Ivan-Pc\Documents\MCUXpressoIDE_11.2.0_4120\Drivers\CMSISv2p00_LPC17xx\Debug\libCMSISv2p00_LPC17xx.a(lpc17xx_pinsel.o)
 .debug_ranges  0x000003c0       0xe8 C:\Users\Ivan-Pc\Documents\MCUXpressoIDE_11.2.0_4120\Drivers\CMSISv2p00_LPC17xx\Debug\libCMSISv2p00_LPC17xx.a(lpc17xx_timer.o)
 .debug_ranges  0x000004a8      0x158 C:\Users\Ivan-Pc\Documents\MCUXpressoIDE_11.2.0_4120\Drivers\CMSISv2p00_LPC17xx\Debug\libCMSISv2p00_LPC17xx.a(lpc17xx_uart.o)

.debug_macro    0x00000000     0x49bb
 .debug_macro   0x00000000       0xc7 ./src/TP_Integrador_ED3.o
 .debug_macro   0x000000c7      0xaae ./src/TP_Integrador_ED3.o
 .debug_macro   0x00000b75       0x1c ./src/TP_Integrador_ED3.o
 .debug_macro   0x00000b91       0x2e ./src/TP_Integrador_ED3.o
 .debug_macro   0x00000bbf       0x10 ./src/TP_Integrador_ED3.o
 .debug_macro   0x00000bcf      0x12e ./src/TP_Integrador_ED3.o
 .debug_macro   0x00000cfd      0x5b3 ./src/TP_Integrador_ED3.o
 .debug_macro   0x000012b0       0x18 ./src/TP_Integrador_ED3.o
 .debug_macro   0x000012c8      0x7af ./src/TP_Integrador_ED3.o
 .debug_macro   0x00001a77      0x2c7 ./src/TP_Integrador_ED3.o
 .debug_macro   0x00001d3e       0x63 ./src/TP_Integrador_ED3.o
 .debug_macro   0x00001da1      0x13f ./src/TP_Integrador_ED3.o
 .debug_macro   0x00001ee0       0x46 ./src/TP_Integrador_ED3.o
 .debug_macro   0x00001f26       0x22 ./src/TP_Integrador_ED3.o
 .debug_macro   0x00001f48      0x33a ./src/TP_Integrador_ED3.o
 .debug_macro   0x00002282       0xeb ./src/TP_Integrador_ED3.o
 .debug_macro   0x0000236d       0xea ./src/TP_Integrador_ED3.o
 .debug_macro   0x00002457      0x2ae ./src/TP_Integrador_ED3.o
 .debug_macro   0x00002705       0x1d ./src/cr_startup_lpc175x_6x.o
 .debug_macro   0x00002722       0x1a ./src/crp.o
 .debug_macro   0x0000273c       0x34 ./src/crp.o
 .debug_macro   0x00002770      0x12b C:\Users\Ivan-Pc\Documents\MCUXpressoIDE_11.2.0_4120\Drivers\CMSISv2p00_LPC17xx\Debug\libCMSISv2p00_LPC17xx.a(system_LPC17xx.o)
 .debug_macro   0x0000289b      0xaa8 C:\Users\Ivan-Pc\Documents\MCUXpressoIDE_11.2.0_4120\Drivers\CMSISv2p00_LPC17xx\Debug\libCMSISv2p00_LPC17xx.a(system_LPC17xx.o)
 .debug_macro   0x00003343       0xa9 C:\Users\Ivan-Pc\Documents\MCUXpressoIDE_11.2.0_4120\Drivers\CMSISv2p00_LPC17xx\Debug\libCMSISv2p00_LPC17xx.a(lpc17xx_adc.o)
 .debug_macro   0x000033ec       0xe5 C:\Users\Ivan-Pc\Documents\MCUXpressoIDE_11.2.0_4120\Drivers\CMSISv2p00_LPC17xx\Debug\libCMSISv2p00_LPC17xx.a(lpc17xx_adc.o)
 .debug_macro   0x000034d1      0x2f1 C:\Users\Ivan-Pc\Documents\MCUXpressoIDE_11.2.0_4120\Drivers\CMSISv2p00_LPC17xx\Debug\libCMSISv2p00_LPC17xx.a(lpc17xx_adc.o)
 .debug_macro   0x000037c2       0xdd C:\Users\Ivan-Pc\Documents\MCUXpressoIDE_11.2.0_4120\Drivers\CMSISv2p00_LPC17xx\Debug\libCMSISv2p00_LPC17xx.a(lpc17xx_adc.o)
 .debug_macro   0x0000389f       0x8d C:\Users\Ivan-Pc\Documents\MCUXpressoIDE_11.2.0_4120\Drivers\CMSISv2p00_LPC17xx\Debug\libCMSISv2p00_LPC17xx.a(lpc17xx_clkpwr.o)
 .debug_macro   0x0000392c       0x1c C:\Users\Ivan-Pc\Documents\MCUXpressoIDE_11.2.0_4120\Drivers\CMSISv2p00_LPC17xx\Debug\libCMSISv2p00_LPC17xx.a(lpc17xx_clkpwr.o)
 .debug_macro   0x00003948      0x2c7 C:\Users\Ivan-Pc\Documents\MCUXpressoIDE_11.2.0_4120\Drivers\CMSISv2p00_LPC17xx\Debug\libCMSISv2p00_LPC17xx.a(lpc17xx_clkpwr.o)
 .debug_macro   0x00003c0f       0x96 C:\Users\Ivan-Pc\Documents\MCUXpressoIDE_11.2.0_4120\Drivers\CMSISv2p00_LPC17xx\Debug\libCMSISv2p00_LPC17xx.a(lpc17xx_exti.o)
 .debug_macro   0x00003ca5       0x1c C:\Users\Ivan-Pc\Documents\MCUXpressoIDE_11.2.0_4120\Drivers\CMSISv2p00_LPC17xx\Debug\libCMSISv2p00_LPC17xx.a(lpc17xx_exti.o)
 .debug_macro   0x00003cc1       0xa9 C:\Users\Ivan-Pc\Documents\MCUXpressoIDE_11.2.0_4120\Drivers\CMSISv2p00_LPC17xx\Debug\libCMSISv2p00_LPC17xx.a(lpc17xx_gpdma.o)
 .debug_macro   0x00003d6a      0x2a8 C:\Users\Ivan-Pc\Documents\MCUXpressoIDE_11.2.0_4120\Drivers\CMSISv2p00_LPC17xx\Debug\libCMSISv2p00_LPC17xx.a(lpc17xx_gpdma.o)
 .debug_macro   0x00004012       0x96 C:\Users\Ivan-Pc\Documents\MCUXpressoIDE_11.2.0_4120\Drivers\CMSISv2p00_LPC17xx\Debug\libCMSISv2p00_LPC17xx.a(lpc17xx_gpio.o)
 .debug_macro   0x000040a8       0x40 C:\Users\Ivan-Pc\Documents\MCUXpressoIDE_11.2.0_4120\Drivers\CMSISv2p00_LPC17xx\Debug\libCMSISv2p00_LPC17xx.a(lpc17xx_gpio.o)
 .debug_macro   0x000040e8       0x5a C:\Users\Ivan-Pc\Documents\MCUXpressoIDE_11.2.0_4120\Drivers\CMSISv2p00_LPC17xx\Debug\libCMSISv2p00_LPC17xx.a(lpc17xx_libcfg_default.o)
 .debug_macro   0x00004142       0x5d C:\Users\Ivan-Pc\Documents\MCUXpressoIDE_11.2.0_4120\Drivers\CMSISv2p00_LPC17xx\Debug\libCMSISv2p00_LPC17xx.a(lpc17xx_libcfg_default.o)
 .debug_macro   0x0000419f       0xd7 C:\Users\Ivan-Pc\Documents\MCUXpressoIDE_11.2.0_4120\Drivers\CMSISv2p00_LPC17xx\Debug\libCMSISv2p00_LPC17xx.a(lpc17xx_libcfg_default.o)
 .debug_macro   0x00004276       0x8d C:\Users\Ivan-Pc\Documents\MCUXpressoIDE_11.2.0_4120\Drivers\CMSISv2p00_LPC17xx\Debug\libCMSISv2p00_LPC17xx.a(lpc17xx_pinsel.o)
 .debug_macro   0x00004303       0xb2 C:\Users\Ivan-Pc\Documents\MCUXpressoIDE_11.2.0_4120\Drivers\CMSISv2p00_LPC17xx\Debug\libCMSISv2p00_LPC17xx.a(lpc17xx_timer.o)
 .debug_macro   0x000043b5       0xe4 C:\Users\Ivan-Pc\Documents\MCUXpressoIDE_11.2.0_4120\Drivers\CMSISv2p00_LPC17xx\Debug\libCMSISv2p00_LPC17xx.a(lpc17xx_timer.o)
 .debug_macro   0x00004499      0x145 C:\Users\Ivan-Pc\Documents\MCUXpressoIDE_11.2.0_4120\Drivers\CMSISv2p00_LPC17xx\Debug\libCMSISv2p00_LPC17xx.a(lpc17xx_timer.o)
 .debug_macro   0x000045de       0xa9 C:\Users\Ivan-Pc\Documents\MCUXpressoIDE_11.2.0_4120\Drivers\CMSISv2p00_LPC17xx\Debug\libCMSISv2p00_LPC17xx.a(lpc17xx_uart.o)
 .debug_macro   0x00004687      0x334 C:\Users\Ivan-Pc\Documents\MCUXpressoIDE_11.2.0_4120\Drivers\CMSISv2p00_LPC17xx\Debug\libCMSISv2p00_LPC17xx.a(lpc17xx_uart.o)

.debug_line     0x00000000     0x4cf3
 .debug_line    0x00000000      0x8cc ./src/TP_Integrador_ED3.o
 .debug_line    0x000008cc      0x160 ./src/cr_startup_lpc175x_6x.o
 .debug_line    0x00000a2c       0xb1 ./src/crp.o
 .debug_line    0x00000add      0x430 C:\Users\Ivan-Pc\Documents\MCUXpressoIDE_11.2.0_4120\Drivers\CMSISv2p00_LPC17xx\Debug\libCMSISv2p00_LPC17xx.a(system_LPC17xx.o)
 .debug_line    0x00000f0d      0x6a4 C:\Users\Ivan-Pc\Documents\MCUXpressoIDE_11.2.0_4120\Drivers\CMSISv2p00_LPC17xx\Debug\libCMSISv2p00_LPC17xx.a(lpc17xx_adc.o)
 .debug_line    0x000015b1      0x46b C:\Users\Ivan-Pc\Documents\MCUXpressoIDE_11.2.0_4120\Drivers\CMSISv2p00_LPC17xx\Debug\libCMSISv2p00_LPC17xx.a(lpc17xx_clkpwr.o)
 .debug_line    0x00001a1c      0x38a C:\Users\Ivan-Pc\Documents\MCUXpressoIDE_11.2.0_4120\Drivers\CMSISv2p00_LPC17xx\Debug\libCMSISv2p00_LPC17xx.a(lpc17xx_exti.o)
 .debug_line    0x00001da6      0x623 C:\Users\Ivan-Pc\Documents\MCUXpressoIDE_11.2.0_4120\Drivers\CMSISv2p00_LPC17xx\Debug\libCMSISv2p00_LPC17xx.a(lpc17xx_gpdma.o)
 .debug_line    0x000023c9      0x805 C:\Users\Ivan-Pc\Documents\MCUXpressoIDE_11.2.0_4120\Drivers\CMSISv2p00_LPC17xx\Debug\libCMSISv2p00_LPC17xx.a(lpc17xx_gpio.o)
 .debug_line    0x00002bce      0x225 C:\Users\Ivan-Pc\Documents\MCUXpressoIDE_11.2.0_4120\Drivers\CMSISv2p00_LPC17xx\Debug\libCMSISv2p00_LPC17xx.a(lpc17xx_libcfg_default.o)
 .debug_line    0x00002df3      0x37c C:\Users\Ivan-Pc\Documents\MCUXpressoIDE_11.2.0_4120\Drivers\CMSISv2p00_LPC17xx\Debug\libCMSISv2p00_LPC17xx.a(lpc17xx_pinsel.o)
 .debug_line    0x0000316f      0x94f C:\Users\Ivan-Pc\Documents\MCUXpressoIDE_11.2.0_4120\Drivers\CMSISv2p00_LPC17xx\Debug\libCMSISv2p00_LPC17xx.a(lpc17xx_timer.o)
 .debug_line    0x00003abe     0x1235 C:\Users\Ivan-Pc\Documents\MCUXpressoIDE_11.2.0_4120\Drivers\CMSISv2p00_LPC17xx\Debug\libCMSISv2p00_LPC17xx.a(lpc17xx_uart.o)

.debug_str      0x00000000    0x10672
 .debug_str     0x00000000     0xd3da ./src/TP_Integrador_ED3.o
                               0xd480 (size before relaxing)
 .debug_str     0x0000d3da      0x1d6 ./src/cr_startup_lpc175x_6x.o
                               0x300c (size before relaxing)
 .debug_str     0x0000d5b0       0xe9 ./src/crp.o
                               0x2f19 (size before relaxing)
 .debug_str     0x0000d699      0x549 C:\Users\Ivan-Pc\Documents\MCUXpressoIDE_11.2.0_4120\Drivers\CMSISv2p00_LPC17xx\Debug\libCMSISv2p00_LPC17xx.a(system_LPC17xx.o)
                               0x8a1a (size before relaxing)
 .debug_str     0x0000dbe2     0x1503 C:\Users\Ivan-Pc\Documents\MCUXpressoIDE_11.2.0_4120\Drivers\CMSISv2p00_LPC17xx\Debug\libCMSISv2p00_LPC17xx.a(lpc17xx_adc.o)
                               0xa622 (size before relaxing)
 .debug_str     0x0000f0e5      0x100 C:\Users\Ivan-Pc\Documents\MCUXpressoIDE_11.2.0_4120\Drivers\CMSISv2p00_LPC17xx\Debug\libCMSISv2p00_LPC17xx.a(lpc17xx_clkpwr.o)
                               0x9c25 (size before relaxing)
 .debug_str     0x0000f1e5       0x82 C:\Users\Ivan-Pc\Documents\MCUXpressoIDE_11.2.0_4120\Drivers\CMSISv2p00_LPC17xx\Debug\libCMSISv2p00_LPC17xx.a(lpc17xx_exti.o)
                               0x8c51 (size before relaxing)
 .debug_str     0x0000f267      0x375 C:\Users\Ivan-Pc\Documents\MCUXpressoIDE_11.2.0_4120\Drivers\CMSISv2p00_LPC17xx\Debug\libCMSISv2p00_LPC17xx.a(lpc17xx_gpdma.o)
                               0xb486 (size before relaxing)
 .debug_str     0x0000f5dc      0x42c C:\Users\Ivan-Pc\Documents\MCUXpressoIDE_11.2.0_4120\Drivers\CMSISv2p00_LPC17xx\Debug\libCMSISv2p00_LPC17xx.a(lpc17xx_gpio.o)
                               0x8f94 (size before relaxing)
 .debug_str     0x0000fa08       0x2d C:\Users\Ivan-Pc\Documents\MCUXpressoIDE_11.2.0_4120\Drivers\CMSISv2p00_LPC17xx\Debug\libCMSISv2p00_LPC17xx.a(lpc17xx_libcfg_default.o)
                               0x483d (size before relaxing)
 .debug_str     0x0000fa35      0x211 C:\Users\Ivan-Pc\Documents\MCUXpressoIDE_11.2.0_4120\Drivers\CMSISv2p00_LPC17xx\Debug\libCMSISv2p00_LPC17xx.a(lpc17xx_pinsel.o)
                               0x8ead (size before relaxing)
 .debug_str     0x0000fc46      0x2dc C:\Users\Ivan-Pc\Documents\MCUXpressoIDE_11.2.0_4120\Drivers\CMSISv2p00_LPC17xx\Debug\libCMSISv2p00_LPC17xx.a(lpc17xx_timer.o)
                               0xac49 (size before relaxing)
 .debug_str     0x0000ff22      0x750 C:\Users\Ivan-Pc\Documents\MCUXpressoIDE_11.2.0_4120\Drivers\CMSISv2p00_LPC17xx\Debug\libCMSISv2p00_LPC17xx.a(lpc17xx_uart.o)
                               0xbcea (size before relaxing)

.comment        0x00000000       0x79
 .comment       0x00000000       0x79 ./src/TP_Integrador_ED3.o
                                 0x7a (size before relaxing)
 .comment       0x00000079       0x7a ./src/cr_startup_lpc175x_6x.o
 .comment       0x00000079       0x7a ./src/crp.o
 .comment       0x00000079       0x7a C:\Users\Ivan-Pc\Documents\MCUXpressoIDE_11.2.0_4120\Drivers\CMSISv2p00_LPC17xx\Debug\libCMSISv2p00_LPC17xx.a(system_LPC17xx.o)
 .comment       0x00000079       0x7a C:\Users\Ivan-Pc\Documents\MCUXpressoIDE_11.2.0_4120\Drivers\CMSISv2p00_LPC17xx\Debug\libCMSISv2p00_LPC17xx.a(lpc17xx_adc.o)
 .comment       0x00000079       0x7a C:\Users\Ivan-Pc\Documents\MCUXpressoIDE_11.2.0_4120\Drivers\CMSISv2p00_LPC17xx\Debug\libCMSISv2p00_LPC17xx.a(lpc17xx_clkpwr.o)
 .comment       0x00000079       0x7a C:\Users\Ivan-Pc\Documents\MCUXpressoIDE_11.2.0_4120\Drivers\CMSISv2p00_LPC17xx\Debug\libCMSISv2p00_LPC17xx.a(lpc17xx_exti.o)
 .comment       0x00000079       0x7a C:\Users\Ivan-Pc\Documents\MCUXpressoIDE_11.2.0_4120\Drivers\CMSISv2p00_LPC17xx\Debug\libCMSISv2p00_LPC17xx.a(lpc17xx_gpdma.o)
 .comment       0x00000079       0x7a C:\Users\Ivan-Pc\Documents\MCUXpressoIDE_11.2.0_4120\Drivers\CMSISv2p00_LPC17xx\Debug\libCMSISv2p00_LPC17xx.a(lpc17xx_gpio.o)
 .comment       0x00000079       0x7a C:\Users\Ivan-Pc\Documents\MCUXpressoIDE_11.2.0_4120\Drivers\CMSISv2p00_LPC17xx\Debug\libCMSISv2p00_LPC17xx.a(lpc17xx_libcfg_default.o)
 .comment       0x00000079       0x7a C:\Users\Ivan-Pc\Documents\MCUXpressoIDE_11.2.0_4120\Drivers\CMSISv2p00_LPC17xx\Debug\libCMSISv2p00_LPC17xx.a(lpc17xx_pinsel.o)
 .comment       0x00000079       0x7a C:\Users\Ivan-Pc\Documents\MCUXpressoIDE_11.2.0_4120\Drivers\CMSISv2p00_LPC17xx\Debug\libCMSISv2p00_LPC17xx.a(lpc17xx_timer.o)
 .comment       0x00000079       0x7a C:\Users\Ivan-Pc\Documents\MCUXpressoIDE_11.2.0_4120\Drivers\CMSISv2p00_LPC17xx\Debug\libCMSISv2p00_LPC17xx.a(lpc17xx_uart.o)
 .comment       0x00000079       0x7a c:/nxp/mcuxpressoide_11.2.0_4120/ide/plugins/com.nxp.mcuxpresso.tools.win32_11.2.0.202001021529/tools/bin/../lib/gcc/arm-none-eabi/9.2.1/../../../../arm-none-eabi/lib/thumb/v7-m/nofp\libcr_c.a(memcpy.o)
 .comment       0x00000079       0x7a c:/nxp/mcuxpressoide_11.2.0_4120/ide/plugins/com.nxp.mcuxpresso.tools.win32_11.2.0.202001021529/tools/bin/../lib/gcc/arm-none-eabi/9.2.1/../../../../arm-none-eabi/lib/thumb/v7-m/nofp\libcr_c.a(__weak__main.o)

.ARM.attributes
                0x00000000       0x2b
 .ARM.attributes
                0x00000000       0x2d ./src/TP_Integrador_ED3.o
 .ARM.attributes
                0x0000002d       0x2d ./src/cr_startup_lpc175x_6x.o
 .ARM.attributes
                0x0000005a       0x33 ./src/crp.o
 .ARM.attributes
                0x0000008d       0x2d C:\Users\Ivan-Pc\Documents\MCUXpressoIDE_11.2.0_4120\Drivers\CMSISv2p00_LPC17xx\Debug\libCMSISv2p00_LPC17xx.a(system_LPC17xx.o)
 .ARM.attributes
                0x000000ba       0x2d C:\Users\Ivan-Pc\Documents\MCUXpressoIDE_11.2.0_4120\Drivers\CMSISv2p00_LPC17xx\Debug\libCMSISv2p00_LPC17xx.a(lpc17xx_adc.o)
 .ARM.attributes
                0x000000e7       0x2d C:\Users\Ivan-Pc\Documents\MCUXpressoIDE_11.2.0_4120\Drivers\CMSISv2p00_LPC17xx\Debug\libCMSISv2p00_LPC17xx.a(lpc17xx_clkpwr.o)
 .ARM.attributes
                0x00000114       0x2d C:\Users\Ivan-Pc\Documents\MCUXpressoIDE_11.2.0_4120\Drivers\CMSISv2p00_LPC17xx\Debug\libCMSISv2p00_LPC17xx.a(lpc17xx_exti.o)
 .ARM.attributes
                0x00000141       0x2d C:\Users\Ivan-Pc\Documents\MCUXpressoIDE_11.2.0_4120\Drivers\CMSISv2p00_LPC17xx\Debug\libCMSISv2p00_LPC17xx.a(lpc17xx_gpdma.o)
 .ARM.attributes
                0x0000016e       0x2d C:\Users\Ivan-Pc\Documents\MCUXpressoIDE_11.2.0_4120\Drivers\CMSISv2p00_LPC17xx\Debug\libCMSISv2p00_LPC17xx.a(lpc17xx_gpio.o)
 .ARM.attributes
                0x0000019b       0x2d C:\Users\Ivan-Pc\Documents\MCUXpressoIDE_11.2.0_4120\Drivers\CMSISv2p00_LPC17xx\Debug\libCMSISv2p00_LPC17xx.a(lpc17xx_libcfg_default.o)
 .ARM.attributes
                0x000001c8       0x2d C:\Users\Ivan-Pc\Documents\MCUXpressoIDE_11.2.0_4120\Drivers\CMSISv2p00_LPC17xx\Debug\libCMSISv2p00_LPC17xx.a(lpc17xx_pinsel.o)
 .ARM.attributes
                0x000001f5       0x2d C:\Users\Ivan-Pc\Documents\MCUXpressoIDE_11.2.0_4120\Drivers\CMSISv2p00_LPC17xx\Debug\libCMSISv2p00_LPC17xx.a(lpc17xx_timer.o)
 .ARM.attributes
                0x00000222       0x2d C:\Users\Ivan-Pc\Documents\MCUXpressoIDE_11.2.0_4120\Drivers\CMSISv2p00_LPC17xx\Debug\libCMSISv2p00_LPC17xx.a(lpc17xx_uart.o)
 .ARM.attributes
                0x0000024f       0x2d c:/nxp/mcuxpressoide_11.2.0_4120/ide/plugins/com.nxp.mcuxpresso.tools.win32_11.2.0.202001021529/tools/bin/../lib/gcc/arm-none-eabi/9.2.1/../../../../arm-none-eabi/lib/thumb/v7-m/nofp\libcr_c.a(memcpy.o)
 .ARM.attributes
                0x0000027c       0x2d c:/nxp/mcuxpressoide_11.2.0_4120/ide/plugins/com.nxp.mcuxpresso.tools.win32_11.2.0.202001021529/tools/bin/../lib/gcc/arm-none-eabi/9.2.1/../../../../arm-none-eabi/lib/thumb/v7-m/nofp\libcr_c.a(__weak__main.o)
 .ARM.attributes
                0x000002a9       0x1b c:/nxp/mcuxpressoide_11.2.0_4120/ide/plugins/com.nxp.mcuxpresso.tools.win32_11.2.0.202001021529/tools/bin/../lib/gcc/arm-none-eabi/9.2.1/thumb/v7-m/nofp\libcr_eabihelpers.a(division_64.o)
 .ARM.attributes
                0x000002c4       0x1b c:/nxp/mcuxpressoide_11.2.0_4120/ide/plugins/com.nxp.mcuxpresso.tools.win32_11.2.0.202001021529/tools/bin/../lib/gcc/arm-none-eabi/9.2.1/thumb/v7-m/nofp\libcr_eabihelpers.a(division_idiv0.o)
 .ARM.attributes
                0x000002df       0x1b c:/nxp/mcuxpressoide_11.2.0_4120/ide/plugins/com.nxp.mcuxpresso.tools.win32_11.2.0.202001021529/tools/bin/../lib/gcc/arm-none-eabi/9.2.1/thumb/v7-m/nofp\libcr_eabihelpers.a(memcpy.o)

.debug_frame    0x00000000      0xe48
 .debug_frame   0x00000000      0x2c8 ./src/TP_Integrador_ED3.o
 .debug_frame   0x000002c8      0x170 ./src/cr_startup_lpc175x_6x.o
 .debug_frame   0x00000438       0x3c C:\Users\Ivan-Pc\Documents\MCUXpressoIDE_11.2.0_4120\Drivers\CMSISv2p00_LPC17xx\Debug\libCMSISv2p00_LPC17xx.a(system_LPC17xx.o)
 .debug_frame   0x00000474      0x16c C:\Users\Ivan-Pc\Documents\MCUXpressoIDE_11.2.0_4120\Drivers\CMSISv2p00_LPC17xx\Debug\libCMSISv2p00_LPC17xx.a(lpc17xx_adc.o)
 .debug_frame   0x000005e0       0xa0 C:\Users\Ivan-Pc\Documents\MCUXpressoIDE_11.2.0_4120\Drivers\CMSISv2p00_LPC17xx\Debug\libCMSISv2p00_LPC17xx.a(lpc17xx_clkpwr.o)
 .debug_frame   0x00000680       0x7c C:\Users\Ivan-Pc\Documents\MCUXpressoIDE_11.2.0_4120\Drivers\CMSISv2p00_LPC17xx\Debug\libCMSISv2p00_LPC17xx.a(lpc17xx_exti.o)
 .debug_frame   0x000006fc       0x90 C:\Users\Ivan-Pc\Documents\MCUXpressoIDE_11.2.0_4120\Drivers\CMSISv2p00_LPC17xx\Debug\libCMSISv2p00_LPC17xx.a(lpc17xx_gpdma.o)
 .debug_frame   0x0000078c      0x1a0 C:\Users\Ivan-Pc\Documents\MCUXpressoIDE_11.2.0_4120\Drivers\CMSISv2p00_LPC17xx\Debug\libCMSISv2p00_LPC17xx.a(lpc17xx_gpio.o)
 .debug_frame   0x0000092c       0x20 C:\Users\Ivan-Pc\Documents\MCUXpressoIDE_11.2.0_4120\Drivers\CMSISv2p00_LPC17xx\Debug\libCMSISv2p00_LPC17xx.a(lpc17xx_libcfg_default.o)
 .debug_frame   0x0000094c       0x50 C:\Users\Ivan-Pc\Documents\MCUXpressoIDE_11.2.0_4120\Drivers\CMSISv2p00_LPC17xx\Debug\libCMSISv2p00_LPC17xx.a(lpc17xx_pinsel.o)
 .debug_frame   0x0000099c      0x174 C:\Users\Ivan-Pc\Documents\MCUXpressoIDE_11.2.0_4120\Drivers\CMSISv2p00_LPC17xx\Debug\libCMSISv2p00_LPC17xx.a(lpc17xx_timer.o)
 .debug_frame   0x00000b10      0x338 C:\Users\Ivan-Pc\Documents\MCUXpressoIDE_11.2.0_4120\Drivers\CMSISv2p00_LPC17xx\Debug\libCMSISv2p00_LPC17xx.a(lpc17xx_uart.o)

.debug_loc      0x00000000     0x32ae
 .debug_loc     0x00000000      0x5a9 C:\Users\Ivan-Pc\Documents\MCUXpressoIDE_11.2.0_4120\Drivers\CMSISv2p00_LPC17xx\Debug\libCMSISv2p00_LPC17xx.a(lpc17xx_adc.o)
 .debug_loc     0x000005a9      0x1fa C:\Users\Ivan-Pc\Documents\MCUXpressoIDE_11.2.0_4120\Drivers\CMSISv2p00_LPC17xx\Debug\libCMSISv2p00_LPC17xx.a(lpc17xx_clkpwr.o)
 .debug_loc     0x000007a3      0x10c C:\Users\Ivan-Pc\Documents\MCUXpressoIDE_11.2.0_4120\Drivers\CMSISv2p00_LPC17xx\Debug\libCMSISv2p00_LPC17xx.a(lpc17xx_exti.o)
 .debug_loc     0x000008af      0x171 C:\Users\Ivan-Pc\Documents\MCUXpressoIDE_11.2.0_4120\Drivers\CMSISv2p00_LPC17xx\Debug\libCMSISv2p00_LPC17xx.a(lpc17xx_gpdma.o)
 .debug_loc     0x00000a20      0x998 C:\Users\Ivan-Pc\Documents\MCUXpressoIDE_11.2.0_4120\Drivers\CMSISv2p00_LPC17xx\Debug\libCMSISv2p00_LPC17xx.a(lpc17xx_gpio.o)
 .debug_loc     0x000013b8       0x2a C:\Users\Ivan-Pc\Documents\MCUXpressoIDE_11.2.0_4120\Drivers\CMSISv2p00_LPC17xx\Debug\libCMSISv2p00_LPC17xx.a(lpc17xx_libcfg_default.o)
 .debug_loc     0x000013e2      0x1a1 C:\Users\Ivan-Pc\Documents\MCUXpressoIDE_11.2.0_4120\Drivers\CMSISv2p00_LPC17xx\Debug\libCMSISv2p00_LPC17xx.a(lpc17xx_pinsel.o)
 .debug_loc     0x00001583      0x6ca C:\Users\Ivan-Pc\Documents\MCUXpressoIDE_11.2.0_4120\Drivers\CMSISv2p00_LPC17xx\Debug\libCMSISv2p00_LPC17xx.a(lpc17xx_timer.o)
 .debug_loc     0x00001c4d     0x1661 C:\Users\Ivan-Pc\Documents\MCUXpressoIDE_11.2.0_4120\Drivers\CMSISv2p00_LPC17xx\Debug\libCMSISv2p00_LPC17xx.a(lpc17xx_uart.o)

Cross Reference Table

Symbol                                            File
ADC_BurstCmd                                      C:\Users\Ivan-Pc\Documents\MCUXpressoIDE_11.2.0_4120\Drivers\CMSISv2p00_LPC17xx\Debug\libCMSISv2p00_LPC17xx.a(lpc17xx_adc.o)
                                                  ./src/TP_Integrador_ED3.o
ADC_ChannelCmd                                    C:\Users\Ivan-Pc\Documents\MCUXpressoIDE_11.2.0_4120\Drivers\CMSISv2p00_LPC17xx\Debug\libCMSISv2p00_LPC17xx.a(lpc17xx_adc.o)
                                                  ./src/TP_Integrador_ED3.o
ADC_ChannelGetData                                C:\Users\Ivan-Pc\Documents\MCUXpressoIDE_11.2.0_4120\Drivers\CMSISv2p00_LPC17xx\Debug\libCMSISv2p00_LPC17xx.a(lpc17xx_adc.o)
                                                  ./src/TP_Integrador_ED3.o
ADC_ChannelGetStatus                              C:\Users\Ivan-Pc\Documents\MCUXpressoIDE_11.2.0_4120\Drivers\CMSISv2p00_LPC17xx\Debug\libCMSISv2p00_LPC17xx.a(lpc17xx_adc.o)
ADC_DeInit                                        C:\Users\Ivan-Pc\Documents\MCUXpressoIDE_11.2.0_4120\Drivers\CMSISv2p00_LPC17xx\Debug\libCMSISv2p00_LPC17xx.a(lpc17xx_adc.o)
                                                  ./src/TP_Integrador_ED3.o
ADC_EdgeStartConfig                               C:\Users\Ivan-Pc\Documents\MCUXpressoIDE_11.2.0_4120\Drivers\CMSISv2p00_LPC17xx\Debug\libCMSISv2p00_LPC17xx.a(lpc17xx_adc.o)
                                                  ./src/TP_Integrador_ED3.o
ADC_GetData                                       C:\Users\Ivan-Pc\Documents\MCUXpressoIDE_11.2.0_4120\Drivers\CMSISv2p00_LPC17xx\Debug\libCMSISv2p00_LPC17xx.a(lpc17xx_adc.o)
ADC_GlobalGetData                                 C:\Users\Ivan-Pc\Documents\MCUXpressoIDE_11.2.0_4120\Drivers\CMSISv2p00_LPC17xx\Debug\libCMSISv2p00_LPC17xx.a(lpc17xx_adc.o)
ADC_GlobalGetStatus                               C:\Users\Ivan-Pc\Documents\MCUXpressoIDE_11.2.0_4120\Drivers\CMSISv2p00_LPC17xx\Debug\libCMSISv2p00_LPC17xx.a(lpc17xx_adc.o)
ADC_IRQHandler                                    ./src/TP_Integrador_ED3.o
ADC_Init                                          C:\Users\Ivan-Pc\Documents\MCUXpressoIDE_11.2.0_4120\Drivers\CMSISv2p00_LPC17xx\Debug\libCMSISv2p00_LPC17xx.a(lpc17xx_adc.o)
                                                  ./src/TP_Integrador_ED3.o
ADC_IntConfig                                     C:\Users\Ivan-Pc\Documents\MCUXpressoIDE_11.2.0_4120\Drivers\CMSISv2p00_LPC17xx\Debug\libCMSISv2p00_LPC17xx.a(lpc17xx_adc.o)
                                                  ./src/TP_Integrador_ED3.o
ADC_PowerdownCmd                                  C:\Users\Ivan-Pc\Documents\MCUXpressoIDE_11.2.0_4120\Drivers\CMSISv2p00_LPC17xx\Debug\libCMSISv2p00_LPC17xx.a(lpc17xx_adc.o)
ADC_StartCmd                                      C:\Users\Ivan-Pc\Documents\MCUXpressoIDE_11.2.0_4120\Drivers\CMSISv2p00_LPC17xx\Debug\libCMSISv2p00_LPC17xx.a(lpc17xx_adc.o)
                                                  ./src/TP_Integrador_ED3.o
BOD_IRQHandler                                    ./src/cr_startup_lpc175x_6x.o
Buffer_Verify                                     ./src/TP_Integrador_ED3.o
BusFault_Handler                                  ./src/cr_startup_lpc175x_6x.o
CANActivity_IRQHandler                            ./src/cr_startup_lpc175x_6x.o
CAN_IRQHandler                                    ./src/cr_startup_lpc175x_6x.o
CLKPWR_ConfigPPWR                                 C:\Users\Ivan-Pc\Documents\MCUXpressoIDE_11.2.0_4120\Drivers\CMSISv2p00_LPC17xx\Debug\libCMSISv2p00_LPC17xx.a(lpc17xx_clkpwr.o)
                                                  C:\Users\Ivan-Pc\Documents\MCUXpressoIDE_11.2.0_4120\Drivers\CMSISv2p00_LPC17xx\Debug\libCMSISv2p00_LPC17xx.a(lpc17xx_uart.o)
                                                  C:\Users\Ivan-Pc\Documents\MCUXpressoIDE_11.2.0_4120\Drivers\CMSISv2p00_LPC17xx\Debug\libCMSISv2p00_LPC17xx.a(lpc17xx_timer.o)
                                                  C:\Users\Ivan-Pc\Documents\MCUXpressoIDE_11.2.0_4120\Drivers\CMSISv2p00_LPC17xx\Debug\libCMSISv2p00_LPC17xx.a(lpc17xx_gpdma.o)
                                                  C:\Users\Ivan-Pc\Documents\MCUXpressoIDE_11.2.0_4120\Drivers\CMSISv2p00_LPC17xx\Debug\libCMSISv2p00_LPC17xx.a(lpc17xx_adc.o)
CLKPWR_DeepPowerDown                              C:\Users\Ivan-Pc\Documents\MCUXpressoIDE_11.2.0_4120\Drivers\CMSISv2p00_LPC17xx\Debug\libCMSISv2p00_LPC17xx.a(lpc17xx_clkpwr.o)
CLKPWR_DeepSleep                                  C:\Users\Ivan-Pc\Documents\MCUXpressoIDE_11.2.0_4120\Drivers\CMSISv2p00_LPC17xx\Debug\libCMSISv2p00_LPC17xx.a(lpc17xx_clkpwr.o)
CLKPWR_GetPCLK                                    C:\Users\Ivan-Pc\Documents\MCUXpressoIDE_11.2.0_4120\Drivers\CMSISv2p00_LPC17xx\Debug\libCMSISv2p00_LPC17xx.a(lpc17xx_clkpwr.o)
                                                  C:\Users\Ivan-Pc\Documents\MCUXpressoIDE_11.2.0_4120\Drivers\CMSISv2p00_LPC17xx\Debug\libCMSISv2p00_LPC17xx.a(lpc17xx_uart.o)
                                                  C:\Users\Ivan-Pc\Documents\MCUXpressoIDE_11.2.0_4120\Drivers\CMSISv2p00_LPC17xx\Debug\libCMSISv2p00_LPC17xx.a(lpc17xx_timer.o)
                                                  C:\Users\Ivan-Pc\Documents\MCUXpressoIDE_11.2.0_4120\Drivers\CMSISv2p00_LPC17xx\Debug\libCMSISv2p00_LPC17xx.a(lpc17xx_adc.o)
CLKPWR_GetPCLKSEL                                 C:\Users\Ivan-Pc\Documents\MCUXpressoIDE_11.2.0_4120\Drivers\CMSISv2p00_LPC17xx\Debug\libCMSISv2p00_LPC17xx.a(lpc17xx_clkpwr.o)
CLKPWR_PowerDown                                  C:\Users\Ivan-Pc\Documents\MCUXpressoIDE_11.2.0_4120\Drivers\CMSISv2p00_LPC17xx\Debug\libCMSISv2p00_LPC17xx.a(lpc17xx_clkpwr.o)
CLKPWR_SetPCLKDiv                                 C:\Users\Ivan-Pc\Documents\MCUXpressoIDE_11.2.0_4120\Drivers\CMSISv2p00_LPC17xx\Debug\libCMSISv2p00_LPC17xx.a(lpc17xx_clkpwr.o)
                                                  C:\Users\Ivan-Pc\Documents\MCUXpressoIDE_11.2.0_4120\Drivers\CMSISv2p00_LPC17xx\Debug\libCMSISv2p00_LPC17xx.a(lpc17xx_timer.o)
CLKPWR_Sleep                                      C:\Users\Ivan-Pc\Documents\MCUXpressoIDE_11.2.0_4120\Drivers\CMSISv2p00_LPC17xx\Debug\libCMSISv2p00_LPC17xx.a(lpc17xx_clkpwr.o)
CRP_WORD                                          ./src/crp.o
Channel0_Err                                      ./src/TP_Integrador_ED3.o
Channel0_TC                                       ./src/TP_Integrador_ED3.o
DMADest_Buffer                                    ./src/TP_Integrador_ED3.o
DMA_IRQHandler                                    ./src/TP_Integrador_ED3.o
DebugMon_Handler                                  ./src/cr_startup_lpc175x_6x.o
EINT0_IRQHandler                                  ./src/cr_startup_lpc175x_6x.o
EINT1_IRQHandler                                  ./src/TP_Integrador_ED3.o
EINT2_IRQHandler                                  ./src/cr_startup_lpc175x_6x.o
EINT3_IRQHandler                                  ./src/TP_Integrador_ED3.o
ENET_IRQHandler                                   ./src/cr_startup_lpc175x_6x.o
EXTI_ClearEXTIFlag                                C:\Users\Ivan-Pc\Documents\MCUXpressoIDE_11.2.0_4120\Drivers\CMSISv2p00_LPC17xx\Debug\libCMSISv2p00_LPC17xx.a(lpc17xx_exti.o)
                                                  ./src/TP_Integrador_ED3.o
EXTI_Config                                       C:\Users\Ivan-Pc\Documents\MCUXpressoIDE_11.2.0_4120\Drivers\CMSISv2p00_LPC17xx\Debug\libCMSISv2p00_LPC17xx.a(lpc17xx_exti.o)
                                                  ./src/TP_Integrador_ED3.o
EXTI_DeInit                                       C:\Users\Ivan-Pc\Documents\MCUXpressoIDE_11.2.0_4120\Drivers\CMSISv2p00_LPC17xx\Debug\libCMSISv2p00_LPC17xx.a(lpc17xx_exti.o)
EXTI_Init                                         C:\Users\Ivan-Pc\Documents\MCUXpressoIDE_11.2.0_4120\Drivers\CMSISv2p00_LPC17xx\Debug\libCMSISv2p00_LPC17xx.a(lpc17xx_exti.o)
EXTI_SetMode                                      C:\Users\Ivan-Pc\Documents\MCUXpressoIDE_11.2.0_4120\Drivers\CMSISv2p00_LPC17xx\Debug\libCMSISv2p00_LPC17xx.a(lpc17xx_exti.o)
EXTI_SetPolarity                                  C:\Users\Ivan-Pc\Documents\MCUXpressoIDE_11.2.0_4120\Drivers\CMSISv2p00_LPC17xx\Debug\libCMSISv2p00_LPC17xx.a(lpc17xx_exti.o)
FIO_ByteClearValue                                C:\Users\Ivan-Pc\Documents\MCUXpressoIDE_11.2.0_4120\Drivers\CMSISv2p00_LPC17xx\Debug\libCMSISv2p00_LPC17xx.a(lpc17xx_gpio.o)
FIO_ByteReadValue                                 C:\Users\Ivan-Pc\Documents\MCUXpressoIDE_11.2.0_4120\Drivers\CMSISv2p00_LPC17xx\Debug\libCMSISv2p00_LPC17xx.a(lpc17xx_gpio.o)
                                                  ./src/TP_Integrador_ED3.o
FIO_ByteSetDir                                    C:\Users\Ivan-Pc\Documents\MCUXpressoIDE_11.2.0_4120\Drivers\CMSISv2p00_LPC17xx\Debug\libCMSISv2p00_LPC17xx.a(lpc17xx_gpio.o)
FIO_ByteSetMask                                   C:\Users\Ivan-Pc\Documents\MCUXpressoIDE_11.2.0_4120\Drivers\CMSISv2p00_LPC17xx\Debug\libCMSISv2p00_LPC17xx.a(lpc17xx_gpio.o)
FIO_ByteSetValue                                  C:\Users\Ivan-Pc\Documents\MCUXpressoIDE_11.2.0_4120\Drivers\CMSISv2p00_LPC17xx\Debug\libCMSISv2p00_LPC17xx.a(lpc17xx_gpio.o)
FIO_ClearInt                                      C:\Users\Ivan-Pc\Documents\MCUXpressoIDE_11.2.0_4120\Drivers\CMSISv2p00_LPC17xx\Debug\libCMSISv2p00_LPC17xx.a(lpc17xx_gpio.o)
FIO_ClearValue                                    C:\Users\Ivan-Pc\Documents\MCUXpressoIDE_11.2.0_4120\Drivers\CMSISv2p00_LPC17xx\Debug\libCMSISv2p00_LPC17xx.a(lpc17xx_gpio.o)
FIO_GetIntStatus                                  C:\Users\Ivan-Pc\Documents\MCUXpressoIDE_11.2.0_4120\Drivers\CMSISv2p00_LPC17xx\Debug\libCMSISv2p00_LPC17xx.a(lpc17xx_gpio.o)
FIO_HalfWordClearValue                            C:\Users\Ivan-Pc\Documents\MCUXpressoIDE_11.2.0_4120\Drivers\CMSISv2p00_LPC17xx\Debug\libCMSISv2p00_LPC17xx.a(lpc17xx_gpio.o)
FIO_HalfWordReadValue                             C:\Users\Ivan-Pc\Documents\MCUXpressoIDE_11.2.0_4120\Drivers\CMSISv2p00_LPC17xx\Debug\libCMSISv2p00_LPC17xx.a(lpc17xx_gpio.o)
FIO_HalfWordSetDir                                C:\Users\Ivan-Pc\Documents\MCUXpressoIDE_11.2.0_4120\Drivers\CMSISv2p00_LPC17xx\Debug\libCMSISv2p00_LPC17xx.a(lpc17xx_gpio.o)
FIO_HalfWordSetMask                               C:\Users\Ivan-Pc\Documents\MCUXpressoIDE_11.2.0_4120\Drivers\CMSISv2p00_LPC17xx\Debug\libCMSISv2p00_LPC17xx.a(lpc17xx_gpio.o)
FIO_HalfWordSetValue                              C:\Users\Ivan-Pc\Documents\MCUXpressoIDE_11.2.0_4120\Drivers\CMSISv2p00_LPC17xx\Debug\libCMSISv2p00_LPC17xx.a(lpc17xx_gpio.o)
FIO_IntCmd                                        C:\Users\Ivan-Pc\Documents\MCUXpressoIDE_11.2.0_4120\Drivers\CMSISv2p00_LPC17xx\Debug\libCMSISv2p00_LPC17xx.a(lpc17xx_gpio.o)
FIO_ReadValue                                     C:\Users\Ivan-Pc\Documents\MCUXpressoIDE_11.2.0_4120\Drivers\CMSISv2p00_LPC17xx\Debug\libCMSISv2p00_LPC17xx.a(lpc17xx_gpio.o)
FIO_SetDir                                        C:\Users\Ivan-Pc\Documents\MCUXpressoIDE_11.2.0_4120\Drivers\CMSISv2p00_LPC17xx\Debug\libCMSISv2p00_LPC17xx.a(lpc17xx_gpio.o)
FIO_SetMask                                       C:\Users\Ivan-Pc\Documents\MCUXpressoIDE_11.2.0_4120\Drivers\CMSISv2p00_LPC17xx\Debug\libCMSISv2p00_LPC17xx.a(lpc17xx_gpio.o)
FIO_SetValue                                      C:\Users\Ivan-Pc\Documents\MCUXpressoIDE_11.2.0_4120\Drivers\CMSISv2p00_LPC17xx\Debug\libCMSISv2p00_LPC17xx.a(lpc17xx_gpio.o)
GPDMA_ChannelCmd                                  C:\Users\Ivan-Pc\Documents\MCUXpressoIDE_11.2.0_4120\Drivers\CMSISv2p00_LPC17xx\Debug\libCMSISv2p00_LPC17xx.a(lpc17xx_gpdma.o)
                                                  ./src/TP_Integrador_ED3.o
GPDMA_ClearIntPending                             C:\Users\Ivan-Pc\Documents\MCUXpressoIDE_11.2.0_4120\Drivers\CMSISv2p00_LPC17xx\Debug\libCMSISv2p00_LPC17xx.a(lpc17xx_gpdma.o)
                                                  ./src/TP_Integrador_ED3.o
GPDMA_Init                                        C:\Users\Ivan-Pc\Documents\MCUXpressoIDE_11.2.0_4120\Drivers\CMSISv2p00_LPC17xx\Debug\libCMSISv2p00_LPC17xx.a(lpc17xx_gpdma.o)
                                                  ./src/TP_Integrador_ED3.o
GPDMA_IntGetStatus                                C:\Users\Ivan-Pc\Documents\MCUXpressoIDE_11.2.0_4120\Drivers\CMSISv2p00_LPC17xx\Debug\libCMSISv2p00_LPC17xx.a(lpc17xx_gpdma.o)
                                                  ./src/TP_Integrador_ED3.o
GPDMA_LUTPerAddr                                  C:\Users\Ivan-Pc\Documents\MCUXpressoIDE_11.2.0_4120\Drivers\CMSISv2p00_LPC17xx\Debug\libCMSISv2p00_LPC17xx.a(lpc17xx_gpdma.o)
GPDMA_LUTPerBurst                                 C:\Users\Ivan-Pc\Documents\MCUXpressoIDE_11.2.0_4120\Drivers\CMSISv2p00_LPC17xx\Debug\libCMSISv2p00_LPC17xx.a(lpc17xx_gpdma.o)
GPDMA_LUTPerWid                                   C:\Users\Ivan-Pc\Documents\MCUXpressoIDE_11.2.0_4120\Drivers\CMSISv2p00_LPC17xx\Debug\libCMSISv2p00_LPC17xx.a(lpc17xx_gpdma.o)
GPDMA_Setup                                       C:\Users\Ivan-Pc\Documents\MCUXpressoIDE_11.2.0_4120\Drivers\CMSISv2p00_LPC17xx\Debug\libCMSISv2p00_LPC17xx.a(lpc17xx_gpdma.o)
                                                  ./src/TP_Integrador_ED3.o
GPIO_ClearInt                                     C:\Users\Ivan-Pc\Documents\MCUXpressoIDE_11.2.0_4120\Drivers\CMSISv2p00_LPC17xx\Debug\libCMSISv2p00_LPC17xx.a(lpc17xx_gpio.o)
                                                  ./src/TP_Integrador_ED3.o
GPIO_ClearValue                                   C:\Users\Ivan-Pc\Documents\MCUXpressoIDE_11.2.0_4120\Drivers\CMSISv2p00_LPC17xx\Debug\libCMSISv2p00_LPC17xx.a(lpc17xx_gpio.o)
                                                  ./src/TP_Integrador_ED3.o
GPIO_GetIntStatus                                 C:\Users\Ivan-Pc\Documents\MCUXpressoIDE_11.2.0_4120\Drivers\CMSISv2p00_LPC17xx\Debug\libCMSISv2p00_LPC17xx.a(lpc17xx_gpio.o)
                                                  ./src/TP_Integrador_ED3.o
GPIO_IntCmd                                       C:\Users\Ivan-Pc\Documents\MCUXpressoIDE_11.2.0_4120\Drivers\CMSISv2p00_LPC17xx\Debug\libCMSISv2p00_LPC17xx.a(lpc17xx_gpio.o)
                                                  ./src/TP_Integrador_ED3.o
GPIO_ReadValue                                    C:\Users\Ivan-Pc\Documents\MCUXpressoIDE_11.2.0_4120\Drivers\CMSISv2p00_LPC17xx\Debug\libCMSISv2p00_LPC17xx.a(lpc17xx_gpio.o)
GPIO_SetDir                                       C:\Users\Ivan-Pc\Documents\MCUXpressoIDE_11.2.0_4120\Drivers\CMSISv2p00_LPC17xx\Debug\libCMSISv2p00_LPC17xx.a(lpc17xx_gpio.o)
                                                  ./src/TP_Integrador_ED3.o
GPIO_SetValue                                     C:\Users\Ivan-Pc\Documents\MCUXpressoIDE_11.2.0_4120\Drivers\CMSISv2p00_LPC17xx\Debug\libCMSISv2p00_LPC17xx.a(lpc17xx_gpio.o)
                                                  ./src/TP_Integrador_ED3.o
HardFault_Handler                                 ./src/cr_startup_lpc175x_6x.o
I2C0_IRQHandler                                   ./src/cr_startup_lpc175x_6x.o
I2C1_IRQHandler                                   ./src/cr_startup_lpc175x_6x.o
I2C2_IRQHandler                                   ./src/cr_startup_lpc175x_6x.o
I2S_IRQHandler                                    ./src/cr_startup_lpc175x_6x.o
IntDefaultHandler                                 ./src/cr_startup_lpc175x_6x.o
MCPWM_IRQHandler                                  ./src/cr_startup_lpc175x_6x.o
MemManage_Handler                                 ./src/cr_startup_lpc175x_6x.o
NMI_Handler                                       ./src/cr_startup_lpc175x_6x.o
PINSEL_ConfigPin                                  C:\Users\Ivan-Pc\Documents\MCUXpressoIDE_11.2.0_4120\Drivers\CMSISv2p00_LPC17xx\Debug\libCMSISv2p00_LPC17xx.a(lpc17xx_pinsel.o)
                                                  ./src/TP_Integrador_ED3.o
PINSEL_ConfigTraceFunc                            C:\Users\Ivan-Pc\Documents\MCUXpressoIDE_11.2.0_4120\Drivers\CMSISv2p00_LPC17xx\Debug\libCMSISv2p00_LPC17xx.a(lpc17xx_pinsel.o)
PINSEL_SetI2C0Pins                                C:\Users\Ivan-Pc\Documents\MCUXpressoIDE_11.2.0_4120\Drivers\CMSISv2p00_LPC17xx\Debug\libCMSISv2p00_LPC17xx.a(lpc17xx_pinsel.o)
PLL0_IRQHandler                                   ./src/cr_startup_lpc175x_6x.o
PLL1_IRQHandler                                   ./src/cr_startup_lpc175x_6x.o
PWM1_IRQHandler                                   ./src/cr_startup_lpc175x_6x.o
PendSV_Handler                                    ./src/cr_startup_lpc175x_6x.o
QEI_IRQHandler                                    ./src/cr_startup_lpc175x_6x.o
RIT_IRQHandler                                    ./src/cr_startup_lpc175x_6x.o
RTC_IRQHandler                                    ./src/cr_startup_lpc175x_6x.o
ResetISR                                          ./src/cr_startup_lpc175x_6x.o
SPI_IRQHandler                                    ./src/cr_startup_lpc175x_6x.o
SSP0_IRQHandler                                   ./src/cr_startup_lpc175x_6x.o
SSP1_IRQHandler                                   ./src/cr_startup_lpc175x_6x.o
SVC_Handler                                       ./src/cr_startup_lpc175x_6x.o
SysTick_Handler                                   ./src/cr_startup_lpc175x_6x.o
SystemCoreClock                                   C:\Users\Ivan-Pc\Documents\MCUXpressoIDE_11.2.0_4120\Drivers\CMSISv2p00_LPC17xx\Debug\libCMSISv2p00_LPC17xx.a(system_LPC17xx.o)
                                                  C:\Users\Ivan-Pc\Documents\MCUXpressoIDE_11.2.0_4120\Drivers\CMSISv2p00_LPC17xx\Debug\libCMSISv2p00_LPC17xx.a(lpc17xx_clkpwr.o)
SystemCoreClockUpdate                             C:\Users\Ivan-Pc\Documents\MCUXpressoIDE_11.2.0_4120\Drivers\CMSISv2p00_LPC17xx\Debug\libCMSISv2p00_LPC17xx.a(system_LPC17xx.o)
SystemInit                                        C:\Users\Ivan-Pc\Documents\MCUXpressoIDE_11.2.0_4120\Drivers\CMSISv2p00_LPC17xx\Debug\libCMSISv2p00_LPC17xx.a(system_LPC17xx.o)
                                                  ./src/cr_startup_lpc175x_6x.o
TIMER0_IRQHandler                                 ./src/cr_startup_lpc175x_6x.o
TIMER1_IRQHandler                                 ./src/cr_startup_lpc175x_6x.o
TIMER2_IRQHandler                                 ./src/cr_startup_lpc175x_6x.o
TIMER3_IRQHandler                                 ./src/cr_startup_lpc175x_6x.o
TIM_ClearIntCapturePending                        C:\Users\Ivan-Pc\Documents\MCUXpressoIDE_11.2.0_4120\Drivers\CMSISv2p00_LPC17xx\Debug\libCMSISv2p00_LPC17xx.a(lpc17xx_timer.o)
TIM_ClearIntPending                               C:\Users\Ivan-Pc\Documents\MCUXpressoIDE_11.2.0_4120\Drivers\CMSISv2p00_LPC17xx\Debug\libCMSISv2p00_LPC17xx.a(lpc17xx_timer.o)
TIM_Cmd                                           C:\Users\Ivan-Pc\Documents\MCUXpressoIDE_11.2.0_4120\Drivers\CMSISv2p00_LPC17xx\Debug\libCMSISv2p00_LPC17xx.a(lpc17xx_timer.o)
                                                  ./src/TP_Integrador_ED3.o
TIM_ConfigCapture                                 C:\Users\Ivan-Pc\Documents\MCUXpressoIDE_11.2.0_4120\Drivers\CMSISv2p00_LPC17xx\Debug\libCMSISv2p00_LPC17xx.a(lpc17xx_timer.o)
TIM_ConfigMatch                                   C:\Users\Ivan-Pc\Documents\MCUXpressoIDE_11.2.0_4120\Drivers\CMSISv2p00_LPC17xx\Debug\libCMSISv2p00_LPC17xx.a(lpc17xx_timer.o)
                                                  ./src/TP_Integrador_ED3.o
TIM_ConfigStructInit                              C:\Users\Ivan-Pc\Documents\MCUXpressoIDE_11.2.0_4120\Drivers\CMSISv2p00_LPC17xx\Debug\libCMSISv2p00_LPC17xx.a(lpc17xx_timer.o)
TIM_DeInit                                        C:\Users\Ivan-Pc\Documents\MCUXpressoIDE_11.2.0_4120\Drivers\CMSISv2p00_LPC17xx\Debug\libCMSISv2p00_LPC17xx.a(lpc17xx_timer.o)
TIM_GetCaptureValue                               C:\Users\Ivan-Pc\Documents\MCUXpressoIDE_11.2.0_4120\Drivers\CMSISv2p00_LPC17xx\Debug\libCMSISv2p00_LPC17xx.a(lpc17xx_timer.o)
TIM_GetIntCaptureStatus                           C:\Users\Ivan-Pc\Documents\MCUXpressoIDE_11.2.0_4120\Drivers\CMSISv2p00_LPC17xx\Debug\libCMSISv2p00_LPC17xx.a(lpc17xx_timer.o)
TIM_GetIntStatus                                  C:\Users\Ivan-Pc\Documents\MCUXpressoIDE_11.2.0_4120\Drivers\CMSISv2p00_LPC17xx\Debug\libCMSISv2p00_LPC17xx.a(lpc17xx_timer.o)
TIM_Init                                          C:\Users\Ivan-Pc\Documents\MCUXpressoIDE_11.2.0_4120\Drivers\CMSISv2p00_LPC17xx\Debug\libCMSISv2p00_LPC17xx.a(lpc17xx_timer.o)
                                                  ./src/TP_Integrador_ED3.o
TIM_ResetCounter                                  C:\Users\Ivan-Pc\Documents\MCUXpressoIDE_11.2.0_4120\Drivers\CMSISv2p00_LPC17xx\Debug\libCMSISv2p00_LPC17xx.a(lpc17xx_timer.o)
TIM_UpdateMatchValue                              C:\Users\Ivan-Pc\Documents\MCUXpressoIDE_11.2.0_4120\Drivers\CMSISv2p00_LPC17xx\Debug\libCMSISv2p00_LPC17xx.a(lpc17xx_timer.o)
UART0_IRQHandler                                  ./src/cr_startup_lpc175x_6x.o
UART1_IRQHandler                                  ./src/cr_startup_lpc175x_6x.o
UART2_IRQHandler                                  ./src/cr_startup_lpc175x_6x.o
UART3_IRQHandler                                  ./src/cr_startup_lpc175x_6x.o
UART_ABClearIntPending                            C:\Users\Ivan-Pc\Documents\MCUXpressoIDE_11.2.0_4120\Drivers\CMSISv2p00_LPC17xx\Debug\libCMSISv2p00_LPC17xx.a(lpc17xx_uart.o)
UART_ABCmd                                        C:\Users\Ivan-Pc\Documents\MCUXpressoIDE_11.2.0_4120\Drivers\CMSISv2p00_LPC17xx\Debug\libCMSISv2p00_LPC17xx.a(lpc17xx_uart.o)
UART_CheckBusy                                    C:\Users\Ivan-Pc\Documents\MCUXpressoIDE_11.2.0_4120\Drivers\CMSISv2p00_LPC17xx\Debug\libCMSISv2p00_LPC17xx.a(lpc17xx_uart.o)
UART_ConfigStructInit                             C:\Users\Ivan-Pc\Documents\MCUXpressoIDE_11.2.0_4120\Drivers\CMSISv2p00_LPC17xx\Debug\libCMSISv2p00_LPC17xx.a(lpc17xx_uart.o)
                                                  ./src/TP_Integrador_ED3.o
UART_DeInit                                       C:\Users\Ivan-Pc\Documents\MCUXpressoIDE_11.2.0_4120\Drivers\CMSISv2p00_LPC17xx\Debug\libCMSISv2p00_LPC17xx.a(lpc17xx_uart.o)
UART_FIFOConfig                                   C:\Users\Ivan-Pc\Documents\MCUXpressoIDE_11.2.0_4120\Drivers\CMSISv2p00_LPC17xx\Debug\libCMSISv2p00_LPC17xx.a(lpc17xx_uart.o)
                                                  ./src/TP_Integrador_ED3.o
UART_FIFOConfigStructInit                         C:\Users\Ivan-Pc\Documents\MCUXpressoIDE_11.2.0_4120\Drivers\CMSISv2p00_LPC17xx\Debug\libCMSISv2p00_LPC17xx.a(lpc17xx_uart.o)
                                                  ./src/TP_Integrador_ED3.o
UART_ForceBreak                                   C:\Users\Ivan-Pc\Documents\MCUXpressoIDE_11.2.0_4120\Drivers\CMSISv2p00_LPC17xx\Debug\libCMSISv2p00_LPC17xx.a(lpc17xx_uart.o)
UART_FullModemConfigMode                          C:\Users\Ivan-Pc\Documents\MCUXpressoIDE_11.2.0_4120\Drivers\CMSISv2p00_LPC17xx\Debug\libCMSISv2p00_LPC17xx.a(lpc17xx_uart.o)
UART_FullModemForcePinState                       C:\Users\Ivan-Pc\Documents\MCUXpressoIDE_11.2.0_4120\Drivers\CMSISv2p00_LPC17xx\Debug\libCMSISv2p00_LPC17xx.a(lpc17xx_uart.o)
UART_FullModemGetStatus                           C:\Users\Ivan-Pc\Documents\MCUXpressoIDE_11.2.0_4120\Drivers\CMSISv2p00_LPC17xx\Debug\libCMSISv2p00_LPC17xx.a(lpc17xx_uart.o)
UART_GetIntId                                     C:\Users\Ivan-Pc\Documents\MCUXpressoIDE_11.2.0_4120\Drivers\CMSISv2p00_LPC17xx\Debug\libCMSISv2p00_LPC17xx.a(lpc17xx_uart.o)
UART_GetLineStatus                                C:\Users\Ivan-Pc\Documents\MCUXpressoIDE_11.2.0_4120\Drivers\CMSISv2p00_LPC17xx\Debug\libCMSISv2p00_LPC17xx.a(lpc17xx_uart.o)
UART_Init                                         C:\Users\Ivan-Pc\Documents\MCUXpressoIDE_11.2.0_4120\Drivers\CMSISv2p00_LPC17xx\Debug\libCMSISv2p00_LPC17xx.a(lpc17xx_uart.o)
                                                  ./src/TP_Integrador_ED3.o
UART_IntConfig                                    C:\Users\Ivan-Pc\Documents\MCUXpressoIDE_11.2.0_4120\Drivers\CMSISv2p00_LPC17xx\Debug\libCMSISv2p00_LPC17xx.a(lpc17xx_uart.o)
UART_IrDACmd                                      C:\Users\Ivan-Pc\Documents\MCUXpressoIDE_11.2.0_4120\Drivers\CMSISv2p00_LPC17xx\Debug\libCMSISv2p00_LPC17xx.a(lpc17xx_uart.o)
UART_IrDAInvtInputCmd                             C:\Users\Ivan-Pc\Documents\MCUXpressoIDE_11.2.0_4120\Drivers\CMSISv2p00_LPC17xx\Debug\libCMSISv2p00_LPC17xx.a(lpc17xx_uart.o)
UART_IrDAPulseDivConfig                           C:\Users\Ivan-Pc\Documents\MCUXpressoIDE_11.2.0_4120\Drivers\CMSISv2p00_LPC17xx\Debug\libCMSISv2p00_LPC17xx.a(lpc17xx_uart.o)
UART_RS485Config                                  C:\Users\Ivan-Pc\Documents\MCUXpressoIDE_11.2.0_4120\Drivers\CMSISv2p00_LPC17xx\Debug\libCMSISv2p00_LPC17xx.a(lpc17xx_uart.o)
UART_RS485ReceiverCmd                             C:\Users\Ivan-Pc\Documents\MCUXpressoIDE_11.2.0_4120\Drivers\CMSISv2p00_LPC17xx\Debug\libCMSISv2p00_LPC17xx.a(lpc17xx_uart.o)
UART_RS485Send                                    C:\Users\Ivan-Pc\Documents\MCUXpressoIDE_11.2.0_4120\Drivers\CMSISv2p00_LPC17xx\Debug\libCMSISv2p00_LPC17xx.a(lpc17xx_uart.o)
UART_RS485SendData                                C:\Users\Ivan-Pc\Documents\MCUXpressoIDE_11.2.0_4120\Drivers\CMSISv2p00_LPC17xx\Debug\libCMSISv2p00_LPC17xx.a(lpc17xx_uart.o)
UART_RS485SendSlvAddr                             C:\Users\Ivan-Pc\Documents\MCUXpressoIDE_11.2.0_4120\Drivers\CMSISv2p00_LPC17xx\Debug\libCMSISv2p00_LPC17xx.a(lpc17xx_uart.o)
UART_Receive                                      C:\Users\Ivan-Pc\Documents\MCUXpressoIDE_11.2.0_4120\Drivers\CMSISv2p00_LPC17xx\Debug\libCMSISv2p00_LPC17xx.a(lpc17xx_uart.o)
UART_ReceiveByte                                  C:\Users\Ivan-Pc\Documents\MCUXpressoIDE_11.2.0_4120\Drivers\CMSISv2p00_LPC17xx\Debug\libCMSISv2p00_LPC17xx.a(lpc17xx_uart.o)
UART_Send                                         C:\Users\Ivan-Pc\Documents\MCUXpressoIDE_11.2.0_4120\Drivers\CMSISv2p00_LPC17xx\Debug\libCMSISv2p00_LPC17xx.a(lpc17xx_uart.o)
                                                  ./src/TP_Integrador_ED3.o
UART_SendByte                                     C:\Users\Ivan-Pc\Documents\MCUXpressoIDE_11.2.0_4120\Drivers\CMSISv2p00_LPC17xx\Debug\libCMSISv2p00_LPC17xx.a(lpc17xx_uart.o)
UART_TxCmd                                        C:\Users\Ivan-Pc\Documents\MCUXpressoIDE_11.2.0_4120\Drivers\CMSISv2p00_LPC17xx\Debug\libCMSISv2p00_LPC17xx.a(lpc17xx_uart.o)
                                                  ./src/TP_Integrador_ED3.o
USBActivity_IRQHandler                            ./src/cr_startup_lpc175x_6x.o
USB_IRQHandler                                    ./src/cr_startup_lpc175x_6x.o
UsageFault_Handler                                ./src/cr_startup_lpc175x_6x.o
WDT_IRQHandler                                    ./src/cr_startup_lpc175x_6x.o
__aeabi_idiv0                                     c:/nxp/mcuxpressoide_11.2.0_4120/ide/plugins/com.nxp.mcuxpresso.tools.win32_11.2.0.202001021529/tools/bin/../lib/gcc/arm-none-eabi/9.2.1/thumb/v7-m/nofp\libcr_eabihelpers.a(division_idiv0.o)
                                                  c:/nxp/mcuxpressoide_11.2.0_4120/ide/plugins/com.nxp.mcuxpresso.tools.win32_11.2.0.202001021529/tools/bin/../lib/gcc/arm-none-eabi/9.2.1/thumb/v7-m/nofp\libcr_eabihelpers.a(division_64.o)
__aeabi_ldivmod                                   c:/nxp/mcuxpressoide_11.2.0_4120/ide/plugins/com.nxp.mcuxpresso.tools.win32_11.2.0.202001021529/tools/bin/../lib/gcc/arm-none-eabi/9.2.1/thumb/v7-m/nofp\libcr_eabihelpers.a(division_64.o)
                                                  C:\Users\Ivan-Pc\Documents\MCUXpressoIDE_11.2.0_4120\Drivers\CMSISv2p00_LPC17xx\Debug\libCMSISv2p00_LPC17xx.a(system_LPC17xx.o)
__aeabi_lowlevel_memset                           c:/nxp/mcuxpressoide_11.2.0_4120/ide/plugins/com.nxp.mcuxpresso.tools.win32_11.2.0.202001021529/tools/bin/../lib/gcc/arm-none-eabi/9.2.1/thumb/v7-m/nofp\libcr_eabihelpers.a(memcpy.o)
__aeabi_memclr                                    c:/nxp/mcuxpressoide_11.2.0_4120/ide/plugins/com.nxp.mcuxpresso.tools.win32_11.2.0.202001021529/tools/bin/../lib/gcc/arm-none-eabi/9.2.1/thumb/v7-m/nofp\libcr_eabihelpers.a(memcpy.o)
__aeabi_memclr4                                   c:/nxp/mcuxpressoide_11.2.0_4120/ide/plugins/com.nxp.mcuxpresso.tools.win32_11.2.0.202001021529/tools/bin/../lib/gcc/arm-none-eabi/9.2.1/thumb/v7-m/nofp\libcr_eabihelpers.a(memcpy.o)
__aeabi_memclr8                                   c:/nxp/mcuxpressoide_11.2.0_4120/ide/plugins/com.nxp.mcuxpresso.tools.win32_11.2.0.202001021529/tools/bin/../lib/gcc/arm-none-eabi/9.2.1/thumb/v7-m/nofp\libcr_eabihelpers.a(memcpy.o)
__aeabi_memcpy                                    c:/nxp/mcuxpressoide_11.2.0_4120/ide/plugins/com.nxp.mcuxpresso.tools.win32_11.2.0.202001021529/tools/bin/../lib/gcc/arm-none-eabi/9.2.1/thumb/v7-m/nofp\libcr_eabihelpers.a(memcpy.o)
                                                  c:/nxp/mcuxpressoide_11.2.0_4120/ide/plugins/com.nxp.mcuxpresso.tools.win32_11.2.0.202001021529/tools/bin/../lib/gcc/arm-none-eabi/9.2.1/../../../../arm-none-eabi/lib/thumb/v7-m/nofp\libcr_c.a(memcpy.o)
__aeabi_memcpy4                                   c:/nxp/mcuxpressoide_11.2.0_4120/ide/plugins/com.nxp.mcuxpresso.tools.win32_11.2.0.202001021529/tools/bin/../lib/gcc/arm-none-eabi/9.2.1/thumb/v7-m/nofp\libcr_eabihelpers.a(memcpy.o)
__aeabi_memcpy8                                   c:/nxp/mcuxpressoide_11.2.0_4120/ide/plugins/com.nxp.mcuxpresso.tools.win32_11.2.0.202001021529/tools/bin/../lib/gcc/arm-none-eabi/9.2.1/thumb/v7-m/nofp\libcr_eabihelpers.a(memcpy.o)
__aeabi_memmove                                   c:/nxp/mcuxpressoide_11.2.0_4120/ide/plugins/com.nxp.mcuxpresso.tools.win32_11.2.0.202001021529/tools/bin/../lib/gcc/arm-none-eabi/9.2.1/thumb/v7-m/nofp\libcr_eabihelpers.a(memcpy.o)
__aeabi_memmove4                                  c:/nxp/mcuxpressoide_11.2.0_4120/ide/plugins/com.nxp.mcuxpresso.tools.win32_11.2.0.202001021529/tools/bin/../lib/gcc/arm-none-eabi/9.2.1/thumb/v7-m/nofp\libcr_eabihelpers.a(memcpy.o)
__aeabi_memmove8                                  c:/nxp/mcuxpressoide_11.2.0_4120/ide/plugins/com.nxp.mcuxpresso.tools.win32_11.2.0.202001021529/tools/bin/../lib/gcc/arm-none-eabi/9.2.1/thumb/v7-m/nofp\libcr_eabihelpers.a(memcpy.o)
__aeabi_memset                                    c:/nxp/mcuxpressoide_11.2.0_4120/ide/plugins/com.nxp.mcuxpresso.tools.win32_11.2.0.202001021529/tools/bin/../lib/gcc/arm-none-eabi/9.2.1/thumb/v7-m/nofp\libcr_eabihelpers.a(memcpy.o)
__aeabi_memset4                                   c:/nxp/mcuxpressoide_11.2.0_4120/ide/plugins/com.nxp.mcuxpresso.tools.win32_11.2.0.202001021529/tools/bin/../lib/gcc/arm-none-eabi/9.2.1/thumb/v7-m/nofp\libcr_eabihelpers.a(memcpy.o)
__aeabi_memset8                                   c:/nxp/mcuxpressoide_11.2.0_4120/ide/plugins/com.nxp.mcuxpresso.tools.win32_11.2.0.202001021529/tools/bin/../lib/gcc/arm-none-eabi/9.2.1/thumb/v7-m/nofp\libcr_eabihelpers.a(memcpy.o)
__aeabi_uldivmod                                  c:/nxp/mcuxpressoide_11.2.0_4120/ide/plugins/com.nxp.mcuxpresso.tools.win32_11.2.0.202001021529/tools/bin/../lib/gcc/arm-none-eabi/9.2.1/thumb/v7-m/nofp\libcr_eabihelpers.a(division_64.o)
                                                  C:\Users\Ivan-Pc\Documents\MCUXpressoIDE_11.2.0_4120\Drivers\CMSISv2p00_LPC17xx\Debug\libCMSISv2p00_LPC17xx.a(lpc17xx_timer.o)
                                                  C:\Users\Ivan-Pc\Documents\MCUXpressoIDE_11.2.0_4120\Drivers\CMSISv2p00_LPC17xx\Debug\libCMSISv2p00_LPC17xx.a(system_LPC17xx.o)
__bhs_ldivmod1                                    c:/nxp/mcuxpressoide_11.2.0_4120/ide/plugins/com.nxp.mcuxpresso.tools.win32_11.2.0.202001021529/tools/bin/../lib/gcc/arm-none-eabi/9.2.1/thumb/v7-m/nofp\libcr_eabihelpers.a(division_64.o)
__bss_section_table_end                           ./src/cr_startup_lpc175x_6x.o
__data_section_table                              ./src/cr_startup_lpc175x_6x.o
__data_section_table_end                          ./src/cr_startup_lpc175x_6x.o
__main                                            c:/nxp/mcuxpressoide_11.2.0_4120/ide/plugins/com.nxp.mcuxpresso.tools.win32_11.2.0.202001021529/tools/bin/../lib/gcc/arm-none-eabi/9.2.1/../../../../arm-none-eabi/lib/thumb/v7-m/nofp\libcr_c.a(__weak__main.o)
                                                  ./src/cr_startup_lpc175x_6x.o
__valid_user_code_checksum                        ./src/cr_startup_lpc175x_6x.o
__weak_main                                       c:/nxp/mcuxpressoide_11.2.0_4120/ide/plugins/com.nxp.mcuxpresso.tools.win32_11.2.0.202001021529/tools/bin/../lib/gcc/arm-none-eabi/9.2.1/../../../../arm-none-eabi/lib/thumb/v7-m/nofp\libcr_c.a(__weak__main.o)
_vStackTop                                        ./src/cr_startup_lpc175x_6x.o
auxiliar                                          ./src/TP_Integrador_ED3.o
bss_init                                          ./src/cr_startup_lpc175x_6x.o
check_failed                                      C:\Users\Ivan-Pc\Documents\MCUXpressoIDE_11.2.0_4120\Drivers\CMSISv2p00_LPC17xx\Debug\libCMSISv2p00_LPC17xx.a(lpc17xx_libcfg_default.o)
                                                  C:\Users\Ivan-Pc\Documents\MCUXpressoIDE_11.2.0_4120\Drivers\CMSISv2p00_LPC17xx\Debug\libCMSISv2p00_LPC17xx.a(lpc17xx_uart.o)
                                                  C:\Users\Ivan-Pc\Documents\MCUXpressoIDE_11.2.0_4120\Drivers\CMSISv2p00_LPC17xx\Debug\libCMSISv2p00_LPC17xx.a(lpc17xx_timer.o)
                                                  C:\Users\Ivan-Pc\Documents\MCUXpressoIDE_11.2.0_4120\Drivers\CMSISv2p00_LPC17xx\Debug\libCMSISv2p00_LPC17xx.a(lpc17xx_gpdma.o)
                                                  C:\Users\Ivan-Pc\Documents\MCUXpressoIDE_11.2.0_4120\Drivers\CMSISv2p00_LPC17xx\Debug\libCMSISv2p00_LPC17xx.a(lpc17xx_adc.o)
codigo                                            ./src/TP_Integrador_ED3.o
confUart                                          ./src/TP_Integrador_ED3.o
confiextint                                       ./src/TP_Integrador_ED3.o
configADC                                         ./src/TP_Integrador_ED3.o
configdma                                         ./src/TP_Integrador_ED3.o
configint                                         ./src/TP_Integrador_ED3.o
configpio                                         ./src/TP_Integrador_ED3.o
configpio2                                        ./src/TP_Integrador_ED3.o
configtimer                                       ./src/TP_Integrador_ED3.o
data_init                                         ./src/cr_startup_lpc175x_6x.o
datos                                             ./src/TP_Integrador_ED3.o
g_pfnVectors                                      ./src/cr_startup_lpc175x_6x.o
j                                                 ./src/TP_Integrador_ED3.o
main                                              ./src/TP_Integrador_ED3.o
                                                  c:/nxp/mcuxpressoide_11.2.0_4120/ide/plugins/com.nxp.mcuxpresso.tools.win32_11.2.0.202001021529/tools/bin/../lib/gcc/arm-none-eabi/9.2.1/../../../../arm-none-eabi/lib/thumb/v7-m/nofp\libcr_c.a(__weak__main.o)
memcpy                                            c:/nxp/mcuxpressoide_11.2.0_4120/ide/plugins/com.nxp.mcuxpresso.tools.win32_11.2.0.202001021529/tools/bin/../lib/gcc/arm-none-eabi/9.2.1/../../../../arm-none-eabi/lib/thumb/v7-m/nofp\libcr_c.a(memcpy.o)
                                                  ./src/TP_Integrador_ED3.o
pGPDMACh                                          C:\Users\Ivan-Pc\Documents\MCUXpressoIDE_11.2.0_4120\Drivers\CMSISv2p00_LPC17xx\Debug\libCMSISv2p00_LPC17xx.a(lpc17xx_gpdma.o)
retardo                                           ./src/TP_Integrador_ED3.o
scan                                              ./src/TP_Integrador_ED3.o
transmision1                                      ./src/TP_Integrador_ED3.o
transmision2                                      ./src/TP_Integrador_ED3.o
