core_cm3.h:928:22:NVIC_EnableIRQ	16	static
core_cm3.h:941:22:NVIC_DisableIRQ	16	static
TP_Integrador_ED3.c:43:5:main	16	static
TP_Integrador_ED3.c:58:6:configpio	32	static
TP_Integrador_ED3.c:98:6:configint	8	static
TP_Integrador_ED3.c:109:6:configpio2	24	static
TP_Integrador_ED3.c:132:6:confiextint	16	static
TP_Integrador_ED3.c:142:6:confUart	24	static
TP_Integrador_ED3.c:153:6:EINT1_IRQHandler	8	static
TP_Integrador_ED3.c:161:6:EINT3_IRQHandler	8	static
TP_Integrador_ED3.c:227:6:retardo	16	static
TP_Integrador_ED3.c:233:6:scan	16	static
TP_Integrador_ED3.c:268:6:transmision1	160	static
TP_Integrador_ED3.c:275:6:transmision2	184	static
TP_Integrador_ED3.c:285:6:configADC	8	static
TP_Integrador_ED3.c:295:6:configtimer	32	static
TP_Integrador_ED3.c:310:6:configdma	48	static
TP_Integrador_ED3.c:327:6:ADC_IRQHandler	16	static
TP_Integrador_ED3.c:363:6:DMA_IRQHandler	8	static
TP_Integrador_ED3.c:381:6:Buffer_Verify	24	static
